Component: ARM Compiler 5.06 update 6 (build 750) Tool: armlink [4d35ed]

==============================================================================

Section Cross References

    startup_stm32l031xx.o(RESET) refers to startup_stm32l031xx.o(STACK) for __initial_sp
    startup_stm32l031xx.o(RESET) refers to startup_stm32l031xx.o(.text) for Reset_Handler
    startup_stm32l031xx.o(RESET) refers to stm32l0xx_it.o(i.NMI_Handler) for NMI_Handler
    startup_stm32l031xx.o(RESET) refers to stm32l0xx_it.o(i.HardFault_Handler) for HardFault_Handler
    startup_stm32l031xx.o(RESET) refers to stm32l0xx_it.o(i.SVC_Handler) for SVC_Handler
    startup_stm32l031xx.o(RESET) refers to stm32l0xx_it.o(i.PendSV_Handler) for PendSV_Handler
    startup_stm32l031xx.o(RESET) refers to stm32l0xx_it.o(i.SysTick_Handler) for SysTick_Handler
    startup_stm32l031xx.o(RESET) refers to stm32l0xx_it.o(i.EXTI0_1_IRQHandler) for EXTI0_1_IRQHandler
    startup_stm32l031xx.o(RESET) refers to stm32l0xx_it.o(i.DMA1_Channel1_IRQHandler) for DMA1_Channel1_IRQHandler
    startup_stm32l031xx.o(RESET) refers to stm32l0xx_it.o(i.ADC1_COMP_IRQHandler) for ADC1_COMP_IRQHandler
    startup_stm32l031xx.o(RESET) refers to stm32l0xx_it.o(i.LPTIM1_IRQHandler) for LPTIM1_IRQHandler
    startup_stm32l031xx.o(.text) refers to system_stm32l0xx.o(i.SystemInit) for SystemInit
    startup_stm32l031xx.o(.text) refers to entry.o(.ARM.Collect$$$$00000000) for __main
    main.o(i.App_HandleButton) refers to stm32l0xx_hal.o(i.HAL_GetTick) for HAL_GetTick
    main.o(i.App_HandleButton) refers to stm32l0xx_hal_gpio.o(i.HAL_GPIO_ReadPin) for HAL_GPIO_ReadPin
    main.o(i.App_HandleButton) refers to main.o(.data) for .data
    main.o(i.App_HandleLed) refers to stm32l0xx_hal_gpio.o(i.HAL_GPIO_TogglePin) for HAL_GPIO_TogglePin
    main.o(i.App_HandleLed) refers to oled.o(i.SSD1315_Clear) for SSD1315_Clear
    main.o(i.App_HandleLed) refers to f2d.o(.text) for __aeabi_f2d
    main.o(i.App_HandleLed) refers to printfa.o(i.__0snprintf) for __2snprintf
    main.o(i.App_HandleLed) refers to fadd.o(.text) for __aeabi_fadd
    main.o(i.App_HandleLed) refers to oled.o(i.SSD1315_ShowBigText) for SSD1315_ShowBigText
    main.o(i.App_HandleLed) refers to oled.o(i.SSD1315_Refresh_Gram) for SSD1315_Refresh_Gram
    main.o(i.App_HandleLed) refers to main.o(.data) for .data
    main.o(i.App_Log) refers to stm32l0xx_hal.o(i.HAL_GetTick) for HAL_GetTick
    main.o(i.App_Log) refers to printfa.o(i.__0snprintf) for __2snprintf
    main.o(i.App_Log) refers to printfa.o(i.__0vsnprintf) for vsnprintf
    main.o(i.App_Log) refers to stm32l0xx_hal_uart.o(i.HAL_UART_Transmit) for HAL_UART_Transmit
    main.o(i.App_Log) refers to usart.o(.bss) for huart2
    main.o(i.App_Run) refers to stm32l0xx_hal.o(i.HAL_GetTick) for HAL_GetTick
    main.o(i.App_Run) refers to main.o(i.App_HandleButton) for App_HandleButton
    main.o(i.App_Run) refers to main.o(i.App_HandleLed) for App_HandleLed
    main.o(i.App_Run) refers to idiv.o(.text) for __aeabi_idivmod
    main.o(i.App_Run) refers to main.o(i.App_Log) for App_Log
    main.o(i.App_Run) refers to main.o(i.App_UpdateDisplay) for App_UpdateDisplay
    main.o(i.App_Run) refers to main.o(i.App_SampleAdc) for App_SampleAdc
    main.o(i.App_Run) refers to main.o(.data) for .data
    main.o(i.App_Run) refers to main.o(.bss) for .bss
    main.o(i.App_Run) refers to main.o(.conststring) for .conststring
    main.o(i.App_SampleAdc) refers to stm32l0xx_hal_adc.o(i.HAL_ADC_Start_DMA) for HAL_ADC_Start_DMA
    main.o(i.App_SampleAdc) refers to main.o(.data) for .data
    main.o(i.App_SampleAdc) refers to main.o(.bss) for .bss
    main.o(i.App_SampleAdc) refers to adc.o(.bss) for hadc
    main.o(i.App_UpdateDisplay) refers to idiv.o(.text) for __aeabi_idivmod
    main.o(i.App_UpdateDisplay) refers to main.o(i.App_Log) for App_Log
    main.o(i.App_UpdateDisplay) refers to main.o(.data) for .data
    main.o(i.App_UpdateDisplay) refers to main.o(.bss) for .bss
    main.o(i.HAL_ADC_ConvCpltCallback) refers to stm32l0xx_hal_adc.o(i.HAL_ADC_Stop_DMA) for HAL_ADC_Stop_DMA
    main.o(i.HAL_ADC_ConvCpltCallback) refers to memseta.o(.text) for __aeabi_memclr4
    main.o(i.HAL_ADC_ConvCpltCallback) refers to uidiv.o(.text) for __aeabi_uidivmod
    main.o(i.HAL_ADC_ConvCpltCallback) refers to idiv.o(.text) for __aeabi_idivmod
    main.o(i.HAL_ADC_ConvCpltCallback) refers to adc.o(.bss) for hadc
    main.o(i.HAL_ADC_ConvCpltCallback) refers to main.o(.bss) for .bss
    main.o(i.HAL_ADC_ConvCpltCallback) refers to main.o(.data) for .data
    main.o(i.HAL_GPIO_EXTI_Callback) refers to main.o(.data) for .data
    main.o(i.SystemClock_Config) refers to memseta.o(.text) for __aeabi_memclr4
    main.o(i.SystemClock_Config) refers to stm32l0xx_hal_rcc.o(i.HAL_RCC_OscConfig) for HAL_RCC_OscConfig
    main.o(i.SystemClock_Config) refers to stm32l0xx_hal_rcc.o(i.HAL_RCC_ClockConfig) for HAL_RCC_ClockConfig
[...]
    Removing stm32l0xx_hal_rtc_ex.o(i.HAL_RTCEx_GetTimeStamp), (156 bytes).
    Removing stm32l0xx_hal_rtc_ex.o(i.HAL_RTCEx_GetWakeUpTimer), (8 bytes).
    Removing stm32l0xx_hal_rtc_ex.o(i.HAL_RTCEx_PollForAlarmBEvent), (76 bytes).
    Removing stm32l0xx_hal_rtc_ex.o(i.HAL_RTCEx_PollForTamper1Event), (76 bytes).
    Removing stm32l0xx_hal_rtc_ex.o(i.HAL_RTCEx_PollForTamper2Event), (76 bytes).
    Removing stm32l0xx_hal_rtc_ex.o(i.HAL_RTCEx_PollForTamper3Event), (76 bytes).
    Removing stm32l0xx_hal_rtc_ex.o(i.HAL_RTCEx_PollForTimeStampEvent), (92 bytes).
    Removing stm32l0xx_hal_rtc_ex.o(i.HAL_RTCEx_PollForWakeUpTimerEvent), (76 bytes).
    Removing stm32l0xx_hal_rtc_ex.o(i.HAL_RTCEx_SetCalibrationOutPut), (78 bytes).
    Removing stm32l0xx_hal_rtc_ex.o(i.HAL_RTCEx_SetRefClock), (84 bytes).
    Removing stm32l0xx_hal_rtc_ex.o(i.HAL_RTCEx_SetSmoothCalib), (126 bytes).
    Removing stm32l0xx_hal_rtc_ex.o(i.HAL_RTCEx_SetSynchroShift), (152 bytes).
    Removing stm32l0xx_hal_rtc_ex.o(i.HAL_RTCEx_SetTamper), (240 bytes).
    Removing stm32l0xx_hal_rtc_ex.o(i.HAL_RTCEx_SetTamper_IT), (232 bytes).
    Removing stm32l0xx_hal_rtc_ex.o(i.HAL_RTCEx_SetTimeStamp), (108 bytes).
    Removing stm32l0xx_hal_rtc_ex.o(i.HAL_RTCEx_SetTimeStamp_IT), (140 bytes).
    Removing stm32l0xx_hal_rtc_ex.o(i.HAL_RTCEx_SetWakeUpTimer_IT), (236 bytes).
    Removing stm32l0xx_hal_rtc_ex.o(i.HAL_RTCEx_Tamper1EventCallback), (2 bytes).
    Removing stm32l0xx_hal_rtc_ex.o(i.HAL_RTCEx_Tamper2EventCallback), (2 bytes).
    Removing stm32l0xx_hal_rtc_ex.o(i.HAL_RTCEx_Tamper3EventCallback), (2 bytes).
    Removing stm32l0xx_hal_rtc_ex.o(i.HAL_RTCEx_TamperTimeStampIRQHandler), (184 bytes).
    Removing stm32l0xx_hal_rtc_ex.o(i.HAL_RTCEx_TimeStampEventCallback), (2 bytes).
    Removing stm32l0xx_hal_rtc_ex.o(i.HAL_RTCEx_WakeUpTimerEventCallback), (2 bytes).
    Removing stm32l0xx_hal_rtc_ex.o(i.HAL_RTCEx_WakeUpTimerIRQHandler), (60 bytes).
    Removing stm32l0xx_hal_uart.o(.rev16_text), (4 bytes).
    Removing stm32l0xx_hal_uart.o(.revsh_text), (4 bytes).
    Removing stm32l0xx_hal_uart.o(i.HAL_HalfDuplex_EnableReceiver), (78 bytes).
    Removing stm32l0xx_hal_uart.o(i.HAL_HalfDuplex_EnableTransmitter), (78 bytes).
    Removing stm32l0xx_hal_uart.o(i.HAL_HalfDuplex_Init), (116 bytes).
    Removing stm32l0xx_hal_uart.o(i.HAL_LIN_Init), (146 bytes).
    Removing stm32l0xx_hal_uart.o(i.HAL_LIN_SendBreak), (44 bytes).
    Removing stm32l0xx_hal_uart.o(i.HAL_MultiProcessor_DisableMuteMode), (58 bytes).
    Removing stm32l0xx_hal_uart.o(i.HAL_MultiProcessor_EnableMuteMode), (58 bytes).
    Removing stm32l0xx_hal_uart.o(i.HAL_MultiProcessor_EnterMuteMode), (12 bytes).
    Removing stm32l0xx_hal_uart.o(i.HAL_MultiProcessor_Init), (142 bytes).
    Removing stm32l0xx_hal_uart.o(i.HAL_UARTEx_RxEventCallback), (2 bytes).
    Removing stm32l0xx_hal_uart.o(i.HAL_UART_Abort), (252 bytes).
    Removing stm32l0xx_hal_uart.o(i.HAL_UART_AbortCpltCallback), (2 bytes).
    Removing stm32l0xx_hal_uart.o(i.HAL_UART_AbortReceive), (186 bytes).
    Removing stm32l0xx_hal_uart.o(i.HAL_UART_AbortReceiveCpltCallback), (2 bytes).
    Removing stm32l0xx_hal_uart.o(i.HAL_UART_AbortReceive_IT), (204 bytes).
    Removing stm32l0xx_hal_uart.o(i.HAL_UART_AbortTransmit), (112 bytes).
    Removing stm32l0xx_hal_uart.o(i.HAL_UART_AbortTransmitCpltCallback), (2 bytes).
    Removing stm32l0xx_hal_uart.o(i.HAL_UART_AbortTransmit_IT), (116 bytes).
    Removing stm32l0xx_hal_uart.o(i.HAL_UART_Abort_IT), (292 bytes).
    Removing stm32l0xx_hal_uart.o(i.HAL_UART_DMAPause), (130 bytes).
    Removing stm32l0xx_hal_uart.o(i.HAL_UART_DMAResume), (126 bytes).
    Removing stm32l0xx_hal_uart.o(i.HAL_UART_DMAStop), (154 bytes).
    Removing stm32l0xx_hal_uart.o(i.HAL_UART_DeInit), (66 bytes).
    Removing stm32l0xx_hal_uart.o(i.HAL_UART_DisableReceiverTimeout), (68 bytes).
    Removing stm32l0xx_hal_uart.o(i.HAL_UART_EnableReceiverTimeout), (68 bytes).
    Removing stm32l0xx_hal_uart.o(i.HAL_UART_ErrorCallback), (2 bytes).
    Removing stm32l0xx_hal_uart.o(i.HAL_UART_GetError), (6 bytes).
    Removing stm32l0xx_hal_uart.o(i.HAL_UART_GetState), (10 bytes).
    Removing stm32l0xx_hal_uart.o(i.HAL_UART_IRQHandler), (704 bytes).
    Removing stm32l0xx_hal_uart.o(i.HAL_UART_MspDeInit), (2 bytes).
    Removing stm32l0xx_hal_uart.o(i.HAL_UART_MspInit), (2 bytes).
    Removing stm32l0xx_hal_uart.o(i.HAL_UART_Receive), (264 bytes).
    Removing stm32l0xx_hal_uart.o(i.HAL_UART_Receive_DMA), (100 bytes).
    Removing stm32l0xx_hal_uart.o(i.HAL_UART_Receive_IT), (100 bytes).
    Removing stm32l0xx_hal_uart.o(i.HAL_UART_ReceiverTimeout_Config), (24 bytes).
    Removing stm32l0xx_hal_uart.o(i.HAL_UART_RxCpltCallback), (2 bytes).
    Removing stm32l0xx_hal_uart.o(i.HAL_UART_RxHalfCpltCallback), (2 bytes).
    Removing stm32l0xx_hal_uart.o(i.HAL_UART_Transmit_DMA), (172 bytes).
    Removing stm32l0xx_hal_uart.o(i.HAL_UART_Transmit_IT), (120 bytes).
    Removing stm32l0xx_hal_uart.o(i.HAL_UART_TxCpltCallback), (2 bytes).
    Removing stm32l0xx_hal_uart.o(i.HAL_UART_TxHalfCpltCallback), (2 bytes).
    Removing stm32l0xx_hal_uart.o(i.UART_DMAAbortOnError), (16 bytes).
    Removing stm32l0xx_hal_uart.o(i.UART_DMAError), (76 bytes).
    Removing stm32l0xx_hal_uart.o(i.UART_DMAReceiveCplt), (178 bytes).
    Removing stm32l0xx_hal_uart.o(i.UART_DMARxAbortCallback), (66 bytes).
    Removing stm32l0xx_hal_uart.o(i.UART_DMARxHalfCplt), (56 bytes).
    Removing stm32l0xx_hal_uart.o(i.UART_DMARxOnlyAbortCallback), (40 bytes).
    Removing stm32l0xx_hal_uart.o(i.UART_DMATransmitCplt), (76 bytes).
    Removing stm32l0xx_hal_uart.o(i.UART_DMATxAbortCallback), (54 bytes).
    Removing stm32l0xx_hal_uart.o(i.UART_DMATxHalfCplt), (10 bytes).
    Removing stm32l0xx_hal_uart.o(i.UART_DMATxOnlyAbortCallback), (20 bytes).
    Removing stm32l0xx_hal_uart.o(i.UART_EndTxTransfer), (32 bytes).
    Removing stm32l0xx_hal_uart.o(i.UART_RxISR_16BIT), (216 bytes).
    Removing stm32l0xx_hal_uart.o(i.UART_RxISR_8BIT), (216 bytes).
    Removing stm32l0xx_hal_uart.o(i.UART_Start_Receive_DMA), (172 bytes).
    Removing stm32l0xx_hal_uart.o(i.UART_Start_Receive_IT), (200 bytes).
    Removing stm32l0xx_hal_uart.o(i.UART_TxISR_16BIT), (94 bytes).
    Removing stm32l0xx_hal_uart.o(i.UART_TxISR_8BIT), (90 bytes).
    Removing stm32l0xx_hal_uart_ex.o(.rev16_text), (4 bytes).
    Removing stm32l0xx_hal_uart_ex.o(.revsh_text), (4 bytes).
    Removing stm32l0xx_hal_uart_ex.o(i.HAL_MultiProcessorEx_AddressLength_Set), (52 bytes).
    Removing stm32l0xx_hal_uart_ex.o(i.HAL_RS485Ex_Init), (136 bytes).
    Removing stm32l0xx_hal_uart_ex.o(i.HAL_UARTEx_DisableClockStopMode), (50 bytes).
    Removing stm32l0xx_hal_uart_ex.o(i.HAL_UARTEx_DisableStopMode), (48 bytes).
    Removing stm32l0xx_hal_uart_ex.o(i.HAL_UARTEx_EnableClockStopMode), (50 bytes).
    Removing stm32l0xx_hal_uart_ex.o(i.HAL_UARTEx_EnableStopMode), (48 bytes).
    Removing stm32l0xx_hal_uart_ex.o(i.HAL_UARTEx_GetRxEventType), (4 bytes).
    Removing stm32l0xx_hal_uart_ex.o(i.HAL_UARTEx_ReceiveToIdle), (332 bytes).
    Removing stm32l0xx_hal_uart_ex.o(i.HAL_UARTEx_ReceiveToIdle_DMA), (108 bytes).
    Removing stm32l0xx_hal_uart_ex.o(i.HAL_UARTEx_ReceiveToIdle_IT), (106 bytes).
    Removing stm32l0xx_hal_uart_ex.o(i.HAL_UARTEx_StopModeWakeUpSourceConfig), (152 bytes).
    Removing stm32l0xx_hal_uart_ex.o(i.HAL_UARTEx_WakeupCallback), (2 bytes).
    Removing system_stm32l0xx.o(.rev16_text), (4 bytes).
    Removing system_stm32l0xx.o(.revsh_text), (4 bytes).
    Removing system_stm32l0xx.o(i.SystemCoreClockUpdate), (156 bytes).

463 unused section(s) (total 34978 bytes) removed from the image.

==============================================================================

Image Symbol Table

    Local Symbols

    Symbol Name                              Value     Ov Type        Size  Object(Section)

    ../Core/Src/adc.c                        0x00000000   Number         0  adc.o ABSOLUTE
    ../Core/Src/dma.c                        0x00000000   Number         0  dma.o ABSOLUTE
    ../Core/Src/gpio.c                       0x00000000   Number         0  gpio.o ABSOLUTE
    ../Core/Src/i2c.c                        0x00000000   Number         0  i2c.o ABSOLUTE
    ../Core/Src/lptim.c                      0x00000000   Number         0  lptim.o ABSOLUTE
    ../Core/Src/main.c                       0x00000000   Number         0  main.o ABSOLUTE
    ../Core/Src/rtc.c                        0x00000000   Number         0  rtc.o ABSOLUTE
    ../Core/Src/stm32l0xx_hal_msp.c          0x00000000   Number         0  stm32l0xx_hal_msp.o ABSOLUTE
    ../Core/Src/stm32l0xx_it.c               0x00000000   Number         0  stm32l0xx_it.o ABSOLUTE
    ../Core/Src/system_stm32l0xx.c           0x00000000   Number         0  system_stm32l0xx.o ABSOLUTE
    ../Core/Src/usart.c                      0x00000000   Number         0  usart.o ABSOLUTE
    ../Drivers/STM32L0xx_HAL_Driver/Src/stm32l0xx_hal.c 0x00000000   Number         0  stm32l0xx_hal.o ABSOLUTE
    ../Drivers/STM32L0xx_HAL_Driver/Src/stm32l0xx_hal_adc.c 0x00000000   Number         0  stm32l0xx_hal_adc.o ABSOLUTE
    ../Drivers/STM32L0xx_HAL_Driver/Src/stm32l0xx_hal_adc_ex.c 0x00000000   Number         0  stm32l0xx_hal_adc_ex.o ABSOLUTE
    ../Drivers/STM32L0xx_HAL_Driver/Src/stm32l0xx_hal_cortex.c 0x00000000   Number         0  stm32l0xx_hal_cortex.o ABSOLUTE
    ../Drivers/STM32L0xx_HAL_Driver/Src/stm32l0xx_hal_dma.c 0x00000000   Number         0  stm32l0xx_hal_dma.o ABSOLUTE
    ../Drivers/STM32L0xx_HAL_Driver/Src/stm32l0xx_hal_exti.c 0x00000000   Number         0  stm32l0xx_hal_exti.o ABSOLUTE
    ../Drivers/STM32L0xx_HAL_Driver/Src/stm32l0xx_hal_flash.c 0x00000000   Number         0  stm32l0xx_hal_flash.o ABSOLUTE
    ../Drivers/STM32L0xx_HAL_Driver/Src/stm32l0xx_hal_flash_ex.c 0x00000000   Number         0  stm32l0xx_hal_flash_ex.o ABSOLUTE
    ../Drivers/STM32L0xx_HAL_Driver/Src/stm32l0xx_hal_flash_ramfunc.c 0x00000000   Number         0  stm32l0xx_hal_flash_ramfunc.o ABSOLUTE
    ../Drivers/STM32L0xx_HAL_Driver/Src/stm32l0xx_hal_gpio.c 0x00000000   Number         0  stm32l0xx_hal_gpio.o ABSOLUTE
    ../Drivers/STM32L0xx_HAL_Driver/Src/stm32l0xx_hal_i2c.c 0x00000000   Number         0  stm32l0xx_hal_i2c.o ABSOLUTE
    ../Drivers/STM32L0xx_HAL_Driver/Src/stm32l0xx_hal_i2c_ex.c 0x00000000   Number         0  stm32l0xx_hal_i2c_ex.o ABSOLUTE
    ../Drivers/STM32L0xx_HAL_Driver/Src/stm32l0xx_hal_lptim.c 0x00000000   Number         0  stm32l0xx_hal_lptim.o ABSOLUTE
    ../Drivers/STM32L0xx_HAL_Driver/Src/stm32l0xx_hal_pwr.c 0x00000000   Number         0  stm32l0xx_hal_pwr.o ABSOLUTE
    ../Drivers/STM32L0xx_HAL_Driver/Src/stm32l0xx_hal_pwr_ex.c 0x00000000   Number         0  stm32l0xx_hal_pwr_ex.o ABSOLUTE
    ../Drivers/STM32L0xx_HAL_Driver/Src/stm32l0xx_hal_rcc.c 0x00000000   Number         0  stm32l0xx_hal_rcc.o ABSOLUTE
    ../Drivers/STM32L0xx_HAL_Driver/Src/stm32l0xx_hal_rcc_ex.c 0x00000000   Number         0  stm32l0xx_hal_rcc_ex.o ABSOLUTE
    ../Drivers/STM32L0xx_HAL_Driver/Src/stm32l0xx_hal_rtc.c 0x00000000   Number         0  stm32l0xx_hal_rtc.o ABSOLUTE
    ../Drivers/STM32L0xx_HAL_Driver/Src/stm32l0xx_hal_rtc_ex.c 0x00000000   Number         0  stm32l0xx_hal_rtc_ex.o ABSOLUTE
    ../Drivers/STM32L0xx_HAL_Driver/Src/stm32l0xx_hal_uart.c 0x00000000   Number         0  stm32l0xx_hal_uart.o ABSOLUTE
    ../Drivers/STM32L0xx_HAL_Driver/Src/stm32l0xx_hal_uart_ex.c 0x00000000   Number         0  stm32l0xx_hal_uart_ex.o ABSOLUTE
    ../clib/microlib/division.c              0x00000000   Number         0  uidiv.o ABSOLUTE
    ../clib/microlib/division.c              0x00000000   Number         0  idiv.o ABSOLUTE
    ../clib/microlib/division.c              0x00000000   Number         0  uldiv.o ABSOLUTE
    ../clib/microlib/init/entry.s            0x00000000   Number         0  entry5.o ABSOLUTE
    ../clib/microlib/init/entry.s            0x00000000   Number         0  entry8b.o ABSOLUTE
    ../clib/microlib/init/entry.s            0x00000000   Number         0  entry9b.o ABSOLUTE
    ../clib/microlib/init/entry.s            0x00000000   Number         0  entry2.o ABSOLUTE
    ../clib/microlib/init/entry.s            0x00000000   Number         0  entry10a.o ABSOLUTE
    ../clib/microlib/init/entry.s            0x00000000   Number         0  entry.o ABSOLUTE
    ../clib/microlib/init/entry.s            0x00000000   Number         0  entry10b.o ABSOLUTE
    ../clib/microlib/init/entry.s            0x00000000   Number         0  entry11a.o ABSOLUTE
    ../clib/microlib/init/entry.s            0x00000000   Number         0  entry7b.o ABSOLUTE
    ../clib/microlib/init/entry.s            0x00000000   Number         0  entry8a.o ABSOLUTE
    ../clib/microlib/init/entry.s            0x00000000   Number         0  entry11b.o ABSOLUTE
    ../clib/microlib/init/entry.s            0x00000000   Number         0  entry7a.o ABSOLUTE
    ../clib/microlib/init/entry.s            0x00000000   Number         0  entry9a.o ABSOLUTE
    ../clib/microlib/longlong.c              0x00000000   Number         0  llshl.o ABSOLUTE
    ../clib/microlib/longlong.c              0x00000000   Number         0  llsshr.o ABSOLUTE
    ../clib/microlib/longlong.c              0x00000000   Number         0  llushr.o ABSOLUTE
    ../clib/microlib/printf/printf.c         0x00000000   Number         0  printfb.o ABSOLUTE
    ../clib/microlib/printf/printf.c         0x00000000   Number         0  printf0.o ABSOLUTE
    ../clib/microlib/printf/printf.c         0x00000000   Number         0  printf1.o ABSOLUTE
    ../clib/microlib/printf/printf.c         0x00000000   Number         0  printf2.o ABSOLUTE
    ../clib/microlib/printf/printf.c         0x00000000   Number         0  printf3.o ABSOLUTE
    ../clib/microlib/printf/printf.c         0x00000000   Number         0  printf4.o ABSOLUTE
    ../clib/microlib/printf/printf.c         0x00000000   Number         0  printf5.o ABSOLUTE
    ../clib/microlib/printf/printf.c         0x00000000   Number         0  printf7.o ABSOLUTE
    ../clib/microlib/printf/printf.c         0x00000000   Number         0  printf8.o ABSOLUTE
    ../clib/microlib/printf/printf.c         0x00000000   Number         0  printfa.o ABSOLUTE
    ../clib/microlib/printf/printf.c         0x00000000   Number         0  printf6.o ABSOLUTE
    ../clib/microlib/printf/stubs.s          0x00000000   Number         0  stubs.o ABSOLUTE
    ../clib/microlib/stdio/fputc.c           0x00000000   Number         0  fputc.o ABSOLUTE
    ../clib/microlib/stdio/semi.s            0x00000000   Number         0  semi.o ABSOLUTE
    ../clib/microlib/stdio/streams.c         0x00000000   Number         0  stdout.o ABSOLUTE
    ../clib/microlib/string/memcpy.c         0x00000000   Number         0  memcpya.o ABSOLUTE
    ../clib/microlib/string/memcpy.c         0x00000000   Number         0  memcpyb.o ABSOLUTE
    ../clib/microlib/string/memset.c         0x00000000   Number         0  memseta.o ABSOLUTE
    ../clib/microlib/stubs.s                 0x00000000   Number         0  iusefp.o ABSOLUTE
    ../clib/microlib/stubs.s                 0x00000000   Number         0  iusesemip.o ABSOLUTE
    ../fplib/microlib/f2d.c                  0x00000000   Number         0  f2d.o ABSOLUTE
    ../fplib/microlib/fpadd.c                0x00000000   Number         0  fadd.o ABSOLUTE
    ../fplib/microlib/fpadd.c                0x00000000   Number         0  dadd.o ABSOLUTE
    ../fplib/microlib/fpdiv.c                0x00000000   Number         0  ddiv.o ABSOLUTE
    ../fplib/microlib/fpepilogue.c           0x00000000   Number         0  depilogue.o ABSOLUTE
    ../fplib/microlib/fpepilogue.c           0x00000000   Number         0  fepilogue.o ABSOLUTE
    ../fplib/microlib/fpfix.c                0x00000000   Number         0  dfixul.o ABSOLUTE
    ../fplib/microlib/fpmul.c                0x00000000   Number         0  dmul.o ABSOLUTE
    ..\Core\Src\adc.c                        0x00000000   Number         0  adc.o ABSOLUTE
    ..\Core\Src\dma.c                        0x00000000   Number         0  dma.o ABSOLUTE
    ..\Core\Src\gpio.c                       0x00000000   Number         0  gpio.o ABSOLUTE
    ..\Core\Src\i2c.c                        0x00000000   Number         0  i2c.o ABSOLUTE
    ..\Core\Src\lptim.c                      0x00000000   Number         0  lptim.o ABSOLUTE
    ..\Core\Src\main.c                       0x00000000   Number         0  main.o ABSOLUTE
    ..\Core\Src\oled.c                       0x00000000   Number         0  oled.o ABSOLUTE
    ..\Core\Src\rtc.c                        0x00000000   Number         0  rtc.o ABSOLUTE
    ..\Core\Src\stm32l0xx_hal_msp.c          0x00000000   Number         0  stm32l0xx_hal_msp.o ABSOLUTE
    ..\Core\Src\stm32l0xx_it.c               0x00000000   Number         0  stm32l0xx_it.o ABSOLUTE
    ..\Core\Src\system_stm32l0xx.c           0x00000000   Number         0  system_stm32l0xx.o ABSOLUTE
    ..\Core\Src\usart.c                      0x00000000   Number         0  usart.o ABSOLUTE
    ..\Drivers\STM32L0xx_HAL_Driver\Src\stm32l0xx_hal.c 0x00000000   Number         0  stm32l0xx_hal.o ABSOLUTE
    ..\Drivers\STM32L0xx_HAL_Driver\Src\stm32l0xx_hal_adc.c 0x00000000   Number         0  stm32l0xx_hal_adc.o ABSOLUTE
    ..\Drivers\STM32L0xx_HAL_Driver\Src\stm32l0xx_hal_adc_ex.c 0x00000000   Number         0  stm32l0xx_hal_adc_ex.o ABSOLUTE
    ..\Drivers\STM32L0xx_HAL_Driver\Src\stm32l0xx_hal_cortex.c 0x00000000   Number         0  stm32l0xx_hal_cortex.o ABSOLUTE
    ..\Drivers\STM32L0xx_HAL_Driver\Src\stm32l0xx_hal_dma.c 0x00000000   Number         0  stm32l0xx_hal_dma.o ABSOLUTE
    ..\Drivers\STM32L0xx_HAL_Driver\Src\stm32l0xx_hal_exti.c 0x00000000   Number         0  stm32l0xx_hal_exti.o ABSOLUTE
    ..\Drivers\STM32L0xx_HAL_Driver\Src\stm32l0xx_hal_flash.c 0x00000000   Number         0  stm32l0xx_hal_flash.o ABSOLUTE
    ..\Drivers\STM32L0xx_HAL_Driver\Src\stm32l0xx_hal_flash_ex.c 0x00000000   Number         0  stm32l0xx_hal_flash_ex.o ABSOLUTE
    ..\Drivers\STM32L0xx_HAL_Driver\Src\stm32l0xx_hal_flash_ramfunc.c 0x00000000   Number         0  stm32l0xx_hal_flash_ramfunc.o ABSOLUTE
    ..\Drivers\STM32L0xx_HAL_Driver\Src\stm32l0xx_hal_gpio.c 0x00000000   Number         0  stm32l0xx_hal_gpio.o ABSOLUTE
    ..\Drivers\STM32L0xx_HAL_Driver\Src\stm32l0xx_hal_i2c.c 0x00000000   Number         0  stm32l0xx_hal_i2c.o ABSOLUTE
    ..\Drivers\STM32L0xx_HAL_Driver\Src\stm32l0xx_hal_i2c_ex.c 0x00000000   Number         0  stm32l0xx_hal_i2c_ex.o ABSOLUTE
    ..\Drivers\STM32L0xx_HAL_Driver\Src\stm32l0xx_hal_lptim.c 0x00000000   Number         0  stm32l0xx_hal_lptim.o ABSOLUTE
    ..\Drivers\STM32L0xx_HAL_Driver\Src\stm32l0xx_hal_pwr.c 0x00000000   Number         0  stm32l0xx_hal_pwr.o ABSOLUTE
    ..\Drivers\STM32L0xx_HAL_Driver\Src\stm32l0xx_hal_pwr_ex.c 0x00000000   Number         0  stm32l0xx_hal_pwr_ex.o ABSOLUTE
    ..\Drivers\STM32L0xx_HAL_Driver\Src\stm32l0xx_hal_rcc.c 0x00000000   Number         0  stm32l0xx_hal_rcc.o ABSOLUTE
    ..\Drivers\STM32L0xx_HAL_Driver\Src\stm32l0xx_hal_rcc_ex.c 0x00000000   Number         0  stm32l0xx_hal_rcc_ex.o ABSOLUTE
    ..\Drivers\STM32L0xx_HAL_Driver\Src\stm32l0xx_hal_rtc.c 0x00000000   Number         0  stm32l0xx_hal_rtc.o ABSOLUTE
    ..\Drivers\STM32L0xx_HAL_Driver\Src\stm32l0xx_hal_rtc_ex.c 0x00000000   Number         0  stm32l0xx_hal_rtc_ex.o ABSOLUTE
    ..\Drivers\STM32L0xx_HAL_Driver\Src\stm32l0xx_hal_uart.c 0x00000000   Number         0  stm32l0xx_hal_uart.o ABSOLUTE
    ..\Drivers\STM32L0xx_HAL_Driver\Src\stm32l0xx_hal_uart_ex.c 0x00000000   Number         0  stm32l0xx_hal_uart_ex.o ABSOLUTE
    ..\\Core\\Src\\oled.c                    0x00000000   Number         0  oled.o ABSOLUTE
    cdrcmple.s                               0x00000000   Number         0  cdrcmple.o ABSOLUTE
    dc.s                                     0x00000000   Number         0  dc.o ABSOLUTE
    handlers.s                               0x00000000   Number         0  handlers.o ABSOLUTE
    init.s                                   0x00000000   Number         0  init.o ABSOLUTE
    startup_stm32l031xx.s                    0x00000000   Number         0  startup_stm32l031xx.o ABSOLUTE
    RESET                                    0x08000000   Section      192  startup_stm32l031xx.o(RESET)
    .ARM.Collect$$$$00000000                 0x080000c0   Section        0  entry.o(.ARM.Collect$$$$00000000)
    .ARM.Collect$$$$00000001                 0x080000c0   Section        4  entry2.o(.ARM.Collect$$$$00000001)
    .ARM.Collect$$$$00000004                 0x080000c4   Section        4  entry5.o(.ARM.Collect$$$$00000004)
    .ARM.Collect$$$$00000008                 0x080000c8   Section        0  entry7b.o(.ARM.Collect$$$$00000008)
    .ARM.Collect$$$$0000000A                 0x080000c8   Section        0  entry8b.o(.ARM.Collect$$$$0000000A)
    .ARM.Collect$$$$0000000B                 0x080000c8   Section        8  entry9a.o(.ARM.Collect$$$$0000000B)
    .ARM.Collect$$$$0000000D                 0x080000d0   Section        0  entry10a.o(.ARM.Collect$$$$0000000D)
    .ARM.Collect$$$$0000000F                 0x080000d0   Section        0  entry11a.o(.ARM.Collect$$$$0000000F)
    .ARM.Collect$$$$00002712                 0x080000d0   Section        4  entry2.o(.ARM.Collect$$$$00002712)
    __lit__00000000                          0x080000d0   Data           4  entry2.o(.ARM.Collect$$$$00002712)
    .text                                    0x080000d4   Section       28  startup_stm32l031xx.o(.text)
    .text                                    0x080000f0   Section        0  uidiv.o(.text)
    .text                                    0x0800011c   Section        0  idiv.o(.text)
    .text                                    0x08000144   Section        0  uldiv.o(.text)
    .text                                    0x080001a4   Section        0  memcpya.o(.text)
    .text                                    0x080001c8   Section        0  memseta.o(.text)
    .text                                    0x080001ec   Section        0  fadd.o(.text)
    .text                                    0x0800029e   Section        0  f2d.o(.text)
    .text                                    0x080002c6   Section        0  llshl.o(.text)
    .text                                    0x080002e6   Section        0  llushr.o(.text)
    .text                                    0x08000308   Section        0  fepilogue.o(.text)
    .text                                    0x08000308   Section        0  iusefp.o(.text)
    .text                                    0x0800038c   Section        0  dadd.o(.text)
    .text                                    0x080004f0   Section        0  dmul.o(.text)
    .text                                    0x080005c0   Section        0  ddiv.o(.text)
    .text                                    0x080006b0   Section        0  dfixul.o(.text)
    .text                                    0x080006f0   Section       40  cdrcmple.o(.text)
    .text                                    0x08000718   Section       36  init.o(.text)
    .text                                    0x0800073c   Section        0  llsshr.o(.text)
    .text                                    0x08000762   Section        0  depilogue.o(.text)
    i.ADC1_COMP_IRQHandler                   0x08000820   Section        0  stm32l0xx_it.o(i.ADC1_COMP_IRQHandler)
    i.ADC_ConversionStop                     0x08000830   Section        0  stm32l0xx_hal_adc.o(i.ADC_ConversionStop)
    ADC_ConversionStop                       0x08000831   Thumb Code    90  stm32l0xx_hal_adc.o(i.ADC_ConversionStop)
    i.ADC_DMAConvCplt                        0x0800088a   Section        0  stm32l0xx_hal_adc.o(i.ADC_DMAConvCplt)
    ADC_DMAConvCplt                          0x0800088b   Thumb Code   110  stm32l0xx_hal_adc.o(i.ADC_DMAConvCplt)
    i.ADC_DMAError                           0x080008f8   Section        0  stm32l0xx_hal_adc.o(i.ADC_DMAError)
    ADC_DMAError                             0x080008f9   Thumb Code    26  stm32l0xx_hal_adc.o(i.ADC_DMAError)
    i.ADC_DMAHalfConvCplt                    0x08000912   Section        0  stm32l0xx_hal_adc.o(i.ADC_DMAHalfConvCplt)
    ADC_DMAHalfConvCplt                      0x08000913   Thumb Code    10  stm32l0xx_hal_adc.o(i.ADC_DMAHalfConvCplt)
    i.ADC_DelayMicroSecond                   0x0800091c   Section        0  stm32l0xx_hal_adc.o(i.ADC_DelayMicroSecond)
    ADC_DelayMicroSecond                     0x0800091d   Thumb Code    28  stm32l0xx_hal_adc.o(i.ADC_DelayMicroSecond)
    i.ADC_Disable                            0x08000940   Section        0  stm32l0xx_hal_adc.o(i.ADC_Disable)
    ADC_Disable                              0x08000941   Thumb Code   104  stm32l0xx_hal_adc.o(i.ADC_Disable)
    i.ADC_Enable                             0x080009a8   Section        0  stm32l0xx_hal_adc.o(i.ADC_Enable)
    ADC_Enable                               0x080009a9   Thumb Code   106  stm32l0xx_hal_adc.o(i.ADC_Enable)
    i.App_HandleButton                       0x08000a18   Section        0  main.o(i.App_HandleButton)
    App_HandleButton                         0x08000a19   Thumb Code    78  main.o(i.App_HandleButton)
    i.App_HandleLed                          0x08000a70   Section        0  main.o(i.App_HandleLed)
    App_HandleLed                            0x08000a71   Thumb Code    86  main.o(i.App_HandleLed)
    i.App_Log                                0x08000ad8   Section        0  main.o(i.App_Log)
    App_Log                                  0x08000ad9   Thumb Code    80  main.o(i.App_Log)
    i.App_Run                                0x08000b34   Section        0  main.o(i.App_Run)
    App_Run                                  0x08000b35   Thumb Code   130  main.o(i.App_Run)
    i.App_SampleAdc                          0x08000c08   Section        0  main.o(i.App_SampleAdc)
    App_SampleAdc                            0x08000c09   Thumb Code    36  main.o(i.App_SampleAdc)
    i.App_UpdateDisplay                      0x08000c38   Section        0  main.o(i.App_UpdateDisplay)
    App_UpdateDisplay                        0x08000c39   Thumb Code    44  main.o(i.App_UpdateDisplay)
    i.DMA1_Channel1_IRQHandler               0x08000ce0   Section        0  stm32l0xx_it.o(i.DMA1_Channel1_IRQHandler)
    i.DMA_SetConfig                          0x08000cf0   Section        0  stm32l0xx_hal_dma.o(i.DMA_SetConfig)
    DMA_SetConfig                            0x08000cf1   Thumb Code    44  stm32l0xx_hal_dma.o(i.DMA_SetConfig)
    i.EXTI0_1_IRQHandler                     0x08000d1c   Section        0  stm32l0xx_it.o(i.EXTI0_1_IRQHandler)
    i.Error_Handler                          0x08000d26   Section        0  main.o(i.Error_Handler)
    i.HAL_ADC_ConfigChannel                  0x08000d2c   Section        0  stm32l0xx_hal_adc.o(i.HAL_ADC_ConfigChannel)
    i.HAL_ADC_ConvCpltCallback               0x08000dc0   Section        0  main.o(i.HAL_ADC_ConvCpltCallback)
    i.HAL_ADC_ConvHalfCpltCallback           0x08000ebc   Section        0  stm32l0xx_hal_adc.o(i.HAL_ADC_ConvHalfCpltCallback)
    i.HAL_ADC_ErrorCallback                  0x08000ebe   Section        0  stm32l0xx_hal_adc.o(i.HAL_ADC_ErrorCallback)
    i.HAL_ADC_IRQHandler                     0x08000ec0   Section        0  stm32l0xx_hal_adc.o(i.HAL_ADC_IRQHandler)
    i.HAL_ADC_Init                           0x08000f8c   Section        0  stm32l0xx_hal_adc.o(i.HAL_ADC_Init)
    i.HAL_ADC_LevelOutOfWindowCallback       0x08001154   Section        0  stm32l0xx_hal_adc.o(i.HAL_ADC_LevelOutOfWindowCallback)
    i.HAL_ADC_MspInit                        0x08001158   Section        0  adc.o(i.HAL_ADC_MspInit)
    i.HAL_ADC_Start_DMA                      0x080011f0   Section        0  stm32l0xx_hal_adc.o(i.HAL_ADC_Start_DMA)
    i.HAL_ADC_Stop_DMA                       0x08001288   Section        0  stm32l0xx_hal_adc.o(i.HAL_ADC_Stop_DMA)
    i.HAL_DMA_Abort                          0x08001300   Section        0  stm32l0xx_hal_dma.o(i.HAL_DMA_Abort)
    i.HAL_DMA_IRQHandler                     0x08001344   Section        0  stm32l0xx_hal_dma.o(i.HAL_DMA_IRQHandler)
    i.HAL_DMA_Init                           0x080013ec   Section        0  stm32l0xx_hal_dma.o(i.HAL_DMA_Init)
    i.HAL_DMA_Start_IT                       0x0800147c   Section        0  stm32l0xx_hal_dma.o(i.HAL_DMA_Start_IT)
    i.HAL_Delay                              0x080014e4   Section        0  stm32l0xx_hal.o(i.HAL_Delay)
    i.HAL_GPIO_EXTI_Callback                 0x08001508   Section        0  main.o(i.HAL_GPIO_EXTI_Callback)
    i.HAL_GPIO_EXTI_IRQHandler               0x08001518   Section        0  stm32l0xx_hal_gpio.o(i.HAL_GPIO_EXTI_IRQHandler)
    i.HAL_GPIO_Init                          0x08001530   Section        0  stm32l0xx_hal_gpio.o(i.HAL_GPIO_Init)
    i.HAL_GPIO_ReadPin                       0x080016d0   Section        0  stm32l0xx_hal_gpio.o(i.HAL_GPIO_ReadPin)
    i.HAL_GPIO_TogglePin                     0x080016da   Section        0  stm32l0xx_hal_gpio.o(i.HAL_GPIO_TogglePin)
    i.HAL_GPIO_WritePin                      0x080016ea   Section        0  stm32l0xx_hal_gpio.o(i.HAL_GPIO_WritePin)
    i.HAL_GetTick                            0x080016f8   Section        0  stm32l0xx_hal.o(i.HAL_GetTick)
    i.HAL_I2CEx_ConfigAnalogFilter           0x08001704   Section        0  stm32l0xx_hal_i2c_ex.o(i.HAL_I2CEx_ConfigAnalogFilter)
    i.HAL_I2CEx_ConfigDigitalFilter          0x0800174e   Section        0  stm32l0xx_hal_i2c_ex.o(i.HAL_I2CEx_ConfigDigitalFilter)
    i.HAL_I2C_Init                           0x08001798   Section        0  stm32l0xx_hal_i2c.o(i.HAL_I2C_Init)
    i.HAL_I2C_Master_Transmit                0x08001854   Section        0  stm32l0xx_hal_i2c.o(i.HAL_I2C_Master_Transmit)
    i.HAL_I2C_MspInit                        0x0800198c   Section        0  i2c.o(i.HAL_I2C_MspInit)
    i.HAL_IncTick                            0x080019e8   Section        0  stm32l0xx_hal.o(i.HAL_IncTick)
    i.HAL_Init                               0x080019f8   Section        0  stm32l0xx_hal.o(i.HAL_Init)
    i.HAL_InitTick                           0x08001a20   Section        0  stm32l0xx_hal.o(i.HAL_InitTick)
    i.HAL_LPTIM_AutoReloadMatchCallback      0x08001a64   Section        0  stm32l0xx_hal_lptim.o(i.HAL_LPTIM_AutoReloadMatchCallback)
    i.HAL_LPTIM_AutoReloadWriteCallback      0x08001a66   Section        0  stm32l0xx_hal_lptim.o(i.HAL_LPTIM_AutoReloadWriteCallback)
    i.HAL_LPTIM_CompareMatchCallback         0x08001a68   Section        0  stm32l0xx_hal_lptim.o(i.HAL_LPTIM_CompareMatchCallback)
    i.HAL_LPTIM_CompareWriteCallback         0x08001a6a   Section        0  stm32l0xx_hal_lptim.o(i.HAL_LPTIM_CompareWriteCallback)
    i.HAL_LPTIM_DirectionDownCallback        0x08001a6c   Section        0  stm32l0xx_hal_lptim.o(i.HAL_LPTIM_DirectionDownCallback)
    i.HAL_LPTIM_DirectionUpCallback          0x08001a6e   Section        0  stm32l0xx_hal_lptim.o(i.HAL_LPTIM_DirectionUpCallback)
    i.HAL_LPTIM_IRQHandler                   0x08001a70   Section        0  stm32l0xx_hal_lptim.o(i.HAL_LPTIM_IRQHandler)
    i.HAL_LPTIM_Init                         0x08001b3c   Section        0  stm32l0xx_hal_lptim.o(i.HAL_LPTIM_Init)
    i.HAL_LPTIM_MspInit                      0x08001bec   Section        0  lptim.o(i.HAL_LPTIM_MspInit)
    i.HAL_LPTIM_TriggerCallback              0x08001c1c   Section        0  stm32l0xx_hal_lptim.o(i.HAL_LPTIM_TriggerCallback)
    i.HAL_MspInit                            0x08001c20   Section        0  stm32l0xx_hal_msp.o(i.HAL_MspInit)
    i.HAL_NVIC_EnableIRQ                     0x08001c4c   Section        0  stm32l0xx_hal_cortex.o(i.HAL_NVIC_EnableIRQ)
    i.HAL_NVIC_SetPriority                   0x08001c64   Section        0  stm32l0xx_hal_cortex.o(i.HAL_NVIC_SetPriority)
    i.HAL_PWR_ConfigPVD                      0x08001c6c   Section        0  stm32l0xx_hal_pwr.o(i.HAL_PWR_ConfigPVD)
    i.HAL_PWR_EnablePVD                      0x08001cd4   Section        0  stm32l0xx_hal_pwr.o(i.HAL_PWR_EnablePVD)
    i.HAL_RCCEx_PeriphCLKConfig              0x08001ce4   Section        0  stm32l0xx_hal_rcc_ex.o(i.HAL_RCCEx_PeriphCLKConfig)
    i.HAL_RCC_ClockConfig                    0x08001e3c   Section        0  stm32l0xx_hal_rcc.o(i.HAL_RCC_ClockConfig)
    i.HAL_RCC_GetPCLK1Freq                   0x08001fd8   Section        0  stm32l0xx_hal_rcc.o(i.HAL_RCC_GetPCLK1Freq)
    i.HAL_RCC_GetPCLK2Freq                   0x08001ff8   Section        0  stm32l0xx_hal_rcc.o(i.HAL_RCC_GetPCLK2Freq)
    i.HAL_RCC_GetSysClockFreq                0x08002018   Section        0  stm32l0xx_hal_rcc.o(i.HAL_RCC_GetSysClockFreq)
    i.HAL_RCC_OscConfig                      0x08002090   Section        0  stm32l0xx_hal_rcc.o(i.HAL_RCC_OscConfig)
    i.HAL_RTCEx_SetWakeUpTimer               0x080024c4   Section        0  stm32l0xx_hal_rtc_ex.o(i.HAL_RTCEx_SetWakeUpTimer)
    i.HAL_RTC_Init                           0x0800259c   Section        0  stm32l0xx_hal_rtc.o(i.HAL_RTC_Init)
    i.HAL_RTC_MspInit                        0x08002648   Section        0  rtc.o(i.HAL_RTC_MspInit)
    i.HAL_RTC_WaitForSynchro                 0x08002668   Section        0  stm32l0xx_hal_rtc.o(i.HAL_RTC_WaitForSynchro)
    i.HAL_SYSTICK_Config                     0x0800269c   Section        0  stm32l0xx_hal_cortex.o(i.HAL_SYSTICK_Config)
    i.HAL_UART_Init                          0x080026cc   Section        0  stm32l0xx_hal_uart.o(i.HAL_UART_Init)
    i.HAL_UART_MspInit                       0x08002738   Section        0  usart.o(i.HAL_UART_MspInit)
    i.HAL_UART_Transmit                      0x08002794   Section        0  stm32l0xx_hal_uart.o(i.HAL_UART_Transmit)
    i.HardFault_Handler                      0x08002854   Section        0  stm32l0xx_it.o(i.HardFault_Handler)
    i.I2C_Flush_TXDR                         0x08002856   Section        0  stm32l0xx_hal_i2c.o(i.I2C_Flush_TXDR)
    I2C_Flush_TXDR                           0x08002857   Thumb Code    34  stm32l0xx_hal_i2c.o(i.I2C_Flush_TXDR)
    i.I2C_IsErrorOccurred                    0x08002878   Section        0  stm32l0xx_hal_i2c.o(i.I2C_IsErrorOccurred)
    I2C_IsErrorOccurred                      0x08002879   Thumb Code   266  stm32l0xx_hal_i2c.o(i.I2C_IsErrorOccurred)
    i.I2C_TransferConfig                     0x08002988   Section        0  stm32l0xx_hal_i2c.o(i.I2C_TransferConfig)
    I2C_TransferConfig                       0x08002989   Thumb Code    38  stm32l0xx_hal_i2c.o(i.I2C_TransferConfig)
    i.I2C_WaitOnFlagUntilTimeout             0x080029b4   Section        0  stm32l0xx_hal_i2c.o(i.I2C_WaitOnFlagUntilTimeout)
    I2C_WaitOnFlagUntilTimeout               0x080029b5   Thumb Code   114  stm32l0xx_hal_i2c.o(i.I2C_WaitOnFlagUntilTimeout)
    i.I2C_WaitOnSTOPFlagUntilTimeout         0x08002a26   Section        0  stm32l0xx_hal_i2c.o(i.I2C_WaitOnSTOPFlagUntilTimeout)
    I2C_WaitOnSTOPFlagUntilTimeout           0x08002a27   Thumb Code    86  stm32l0xx_hal_i2c.o(i.I2C_WaitOnSTOPFlagUntilTimeout)
    i.I2C_WaitOnTXISFlagUntilTimeout         0x08002a7c   Section        0  stm32l0xx_hal_i2c.o(i.I2C_WaitOnTXISFlagUntilTimeout)
    I2C_WaitOnTXISFlagUntilTimeout           0x08002a7d   Thumb Code    90  stm32l0xx_hal_i2c.o(i.I2C_WaitOnTXISFlagUntilTimeout)
    i.LPTIM1_IRQHandler                      0x08002ad8   Section        0  stm32l0xx_it.o(i.LPTIM1_IRQHandler)
    i.MX_ADC_Init                            0x08002ae8   Section        0  adc.o(i.MX_ADC_Init)
    i.MX_DMA_Init                            0x08002ba0   Section        0  dma.o(i.MX_DMA_Init)
    i.MX_GPIO_Init                           0x08002bc8   Section        0  gpio.o(i.MX_GPIO_Init)
    i.MX_I2C1_Init                           0x08002ca4   Section        0  i2c.o(i.MX_I2C1_Init)
    i.MX_LPTIM1_Init                         0x08002d00   Section        0  lptim.o(i.MX_LPTIM1_Init)
    i.MX_RTC_Init                            0x08002d34   Section        0  rtc.o(i.MX_RTC_Init)
    i.MX_USART2_UART_Init                    0x08002d78   Section        0  usart.o(i.MX_USART2_UART_Init)
    i.NMI_Handler                            0x08002db0   Section        0  stm32l0xx_it.o(i.NMI_Handler)
    i.PendSV_Handler                         0x08002db2   Section        0  stm32l0xx_it.o(i.PendSV_Handler)
    i.RTC_EnterInitMode                      0x08002db4   Section        0  stm32l0xx_hal_rtc.o(i.RTC_EnterInitMode)
    i.RTC_ExitInitMode                       0x08002dfa   Section        0  stm32l0xx_hal_rtc.o(i.RTC_ExitInitMode)
    i.SSD1315_Clear                          0x08002e28   Section        0  oled.o(i.SSD1315_Clear)
    i.SSD1315_DrawPoint                      0x08002e38   Section        0  oled.o(i.SSD1315_DrawPoint)
    i.SSD1315_Init                           0x08002e68   Section        0  oled.o(i.SSD1315_Init)
    i.SSD1315_Refresh_Gram                   0x08002f50   Section        0  oled.o(i.SSD1315_Refresh_Gram)
    i.SSD1315_ShowBigText                    0x08002ff0   Section        0  oled.o(i.SSD1315_ShowBigText)
    i.SSD1315_WriteCmd                       0x080030d0   Section        0  oled.o(i.SSD1315_WriteCmd)
    SSD1315_WriteCmd                         0x080030d1   Thumb Code    54  oled.o(i.SSD1315_WriteCmd)
    i.SVC_Handler                            0x0800310c   Section        0  stm32l0xx_it.o(i.SVC_Handler)
    i.SysTick_Handler                        0x0800310e   Section        0  stm32l0xx_it.o(i.SysTick_Handler)
    i.SystemClock_Config                     0x08003118   Section        0  main.o(i.SystemClock_Config)
    i.SystemInit                             0x080031b4   Section        0  system_stm32l0xx.o(i.SystemInit)
    i.UART_AdvFeatureConfig                  0x080031b6   Section        0  stm32l0xx_hal_uart.o(i.UART_AdvFeatureConfig)
    i.UART_CheckIdleState                    0x08003280   Section        0  stm32l0xx_hal_uart.o(i.UART_CheckIdleState)
    i.UART_EndRxTransfer                     0x08003344   Section        0  stm32l0xx_hal_uart.o(i.UART_EndRxTransfer)
    UART_EndRxTransfer                       0x08003345   Thumb Code    96  stm32l0xx_hal_uart.o(i.UART_EndRxTransfer)
    i.UART_SetConfig                         0x080033a4   Section        0  stm32l0xx_hal_uart.o(i.UART_SetConfig)
    i.UART_WaitOnFlagUntilTimeout            0x08003580   Section        0  stm32l0xx_hal_uart.o(i.UART_WaitOnFlagUntilTimeout)
    i.__0snprintf                            0x08003618   Section        0  printfa.o(i.__0snprintf)
    i.__0vsnprintf                           0x0800364c   Section        0  printfa.o(i.__0vsnprintf)
    i.__ARM_clz                              0x08003678   Section        0  depilogue.o(i.__ARM_clz)
    i.__ARM_common_switch8                   0x080036a6   Section        0  stm32l0xx_hal_dma.o(i.__ARM_common_switch8)
    i.__NVIC_SetPriority                     0x080036c0   Section        0  stm32l0xx_hal_cortex.o(i.__NVIC_SetPriority)
    __NVIC_SetPriority                       0x080036c1   Thumb Code    60  stm32l0xx_hal_cortex.o(i.__NVIC_SetPriority)
    i.__scatterload_copy                     0x08003704   Section       14  handlers.o(i.__scatterload_copy)
    i.__scatterload_null                     0x08003712   Section        2  handlers.o(i.__scatterload_null)
    i.__scatterload_zeroinit                 0x08003714   Section       14  handlers.o(i.__scatterload_zeroinit)
    i._fp_digits                             0x08003724   Section        0  printfa.o(i._fp_digits)
    _fp_digits                               0x08003725   Thumb Code   344  printfa.o(i._fp_digits)
    i._printf_core                           0x08003898   Section        0  printfa.o(i._printf_core)
    _printf_core                             0x08003899   Thumb Code  1754  printfa.o(i._printf_core)
    i._printf_post_padding                   0x08003f84   Section        0  printfa.o(i._printf_post_padding)
    _printf_post_padding                     0x08003f85   Thumb Code    32  printfa.o(i._printf_post_padding)
    i._printf_pre_padding                    0x08003fa4   Section        0  printfa.o(i._printf_pre_padding)
    _printf_pre_padding                      0x08003fa5   Thumb Code    44  printfa.o(i._printf_pre_padding)
    i._snputc                                0x08003fd0   Section        0  printfa.o(i._snputc)
    _snputc                                  0x08003fd1   Thumb Code    22  printfa.o(i._snputc)
    i.main                                   0x08003fe8   Section        0  main.o(i.main)
    .constdata                               0x08004064   Section      224  oled.o(.constdata)
    FONT8x16                                 0x08004064   Data         224  oled.o(.constdata)
    .constdata                               0x08004144   Section       25  system_stm32l0xx.o(.constdata)
    .constdata                               0x0800415d   Section        8  system_stm32l0xx.o(.constdata)
    .conststring                             0x08004168   Section      102  main.o(.conststring)
    .data                                    0x20000000   Section       20  main.o(.data)
    adc_busy                                 0x20000000   Data           1  main.o(.data)
    adc_ready                                0x20000001   Data           1  main.o(.data)
    rtc_wakeup_flag                          0x20000002   Data           1  main.o(.data)
    button_irq_flag                          0x20000003   Data           1  main.o(.data)
    button_pressed                           0x20000004   Data           1  main.o(.data)
    button_short_press                       0x20000005   Data           1  main.o(.data)
    button_long_press                        0x20000006   Data           1  main.o(.data)
    display_page                             0x20000007   Data           1  main.o(.data)
    button_press_tick                        0x20000008   Data           4  main.o(.data)
    last_led_toggle                          0x2000000c   Data           4  main.o(.data)
    temp_c                                   0x20000010   Data           4  main.o(.data)
    .data                                    0x20000014   Section       12  stm32l0xx_hal.o(.data)
    .data                                    0x20000020   Section        4  system_stm32l0xx.o(.data)
    .bss                                     0x20000024   Section       88  main.o(.bss)
    latest_sample                            0x20000024   Data          24  main.o(.bss)
    adc_dma_buf                              0x2000003c   Data          64  main.o(.bss)
    .bss                                     0x2000007c   Section      164  adc.o(.bss)
    .bss                                     0x20000120   Section       84  i2c.o(.bss)
    .bss                                     0x20000174   Section       48  lptim.o(.bss)
    .bss                                     0x200001a4   Section       36  rtc.o(.bss)
    .bss                                     0x200001c8   Section      136  usart.o(.bss)
    .bss                                     0x20000250   Section      301  oled.o(.bss)
    buf                                      0x20000340   Data          61  oled.o(.bss)
    STACK                                    0x20000380   Section     2048  startup_stm32l031xx.o(STACK)

    Global Symbols

    Symbol Name                              Value     Ov Type        Size  Object(Section)

    BuildAttributes$$THM_ISAv3M$S$PE$A:L22$X:L11$S22$IEEE1$IW$USESV6$~STKCKD$USESV7$~SHL$OTIME$ROPI$EBA8$MICROLIB$REQ8$PRES8$EABIv2 0x00000000   Number         0  anon$$obj.o ABSOLUTE
    __ARM_use_no_argv                        0x00000000   Number         0  main.o ABSOLUTE
    _printf_a                                0x00000000   Number         0  stubs.o ABSOLUTE
    _printf_c                                0x00000000   Number         0  stubs.o ABSOLUTE
    _printf_charcount                        0x00000000   Number         0  stubs.o ABSOLUTE
    _printf_d                                0x00000000   Number         0  stubs.o ABSOLUTE
    _printf_e                                0x00000000   Number         0  stubs.o ABSOLUTE
    _printf_f                                0x00000000   Number         0  stubs.o ABSOLUTE
    _printf_flags                            0x00000000   Number         0  stubs.o ABSOLUTE
    _printf_fp_dec                           0x00000000   Number         0  stubs.o ABSOLUTE
    _printf_fp_hex                           0x00000000   Number         0  stubs.o ABSOLUTE
    _printf_g                                0x00000000   Number         0  stubs.o ABSOLUTE
    _printf_i                                0x00000000   Number         0  stubs.o ABSOLUTE
    _printf_int_dec                          0x00000000   Number         0  stubs.o ABSOLUTE
    _printf_l                                0x00000000   Number         0  stubs.o ABSOLUTE
    _printf_lc                               0x00000000   Number         0  stubs.o ABSOLUTE
    _printf_ll                               0x00000000   Number         0  stubs.o ABSOLUTE
    _printf_lld                              0x00000000   Number         0  stubs.o ABSOLUTE
    _printf_lli                              0x00000000   Number         0  stubs.o ABSOLUTE
    _printf_llo                              0x00000000   Number         0  stubs.o ABSOLUTE
    _printf_llu                              0x00000000   Number         0  stubs.o ABSOLUTE
    _printf_llx                              0x00000000   Number         0  stubs.o ABSOLUTE
    _printf_longlong_dec                     0x00000000   Number         0  stubs.o ABSOLUTE
    _printf_longlong_hex                     0x00000000   Number         0  stubs.o ABSOLUTE
    _printf_longlong_oct                     0x00000000   Number         0  stubs.o ABSOLUTE
    _printf_ls                               0x00000000   Number         0  stubs.o ABSOLUTE
    _printf_mbtowc                           0x00000000   Number         0  stubs.o ABSOLUTE
    _printf_n                                0x00000000   Number         0  stubs.o ABSOLUTE
    _printf_o                                0x00000000   Number         0  stubs.o ABSOLUTE
    _printf_p                                0x00000000   Number         0  stubs.o ABSOLUTE
    _printf_percent                          0x00000000   Number         0  stubs.o ABSOLUTE
    _printf_pre_padding                      0x00000000   Number         0  stubs.o ABSOLUTE
    _printf_return_value                     0x00000000   Number         0  stubs.o ABSOLUTE
    _printf_s                                0x00000000   Number         0  stubs.o ABSOLUTE
    _printf_sizespec                         0x00000000   Number         0  stubs.o ABSOLUTE
    _printf_str                              0x00000000   Number         0  stubs.o ABSOLUTE
    _printf_truncate_signed                  0x00000000   Number         0  stubs.o ABSOLUTE
    _printf_truncate_unsigned                0x00000000   Number         0  stubs.o ABSOLUTE
    _printf_u                                0x00000000   Number         0  stubs.o ABSOLUTE
    _printf_wc                               0x00000000   Number         0  stubs.o ABSOLUTE
    _printf_wctomb                           0x00000000   Number         0  stubs.o ABSOLUTE
    _printf_widthprec                        0x00000000   Number         0  stubs.o ABSOLUTE
    _printf_x                                0x00000000   Number         0  stubs.o ABSOLUTE
    __cpp_initialize__aeabi_                  - Undefined Weak Reference
    __cxa_finalize                            - Undefined Weak Reference
    __decompress                              - Undefined Weak Reference
    _clock_init                               - Undefined Weak Reference
    _microlib_exit                            - Undefined Weak Reference
    __Vectors_Size                           0x000000c0   Number         0  startup_stm32l031xx.o ABSOLUTE
    __Vectors                                0x08000000   Data           4  startup_stm32l031xx.o(RESET)
    __Vectors_End                            0x080000c0   Data           0  startup_stm32l031xx.o(RESET)
    __main                                   0x080000c1   Thumb Code     0  entry.o(.ARM.Collect$$$$00000000)
    _main_stk                                0x080000c1   Thumb Code     0  entry2.o(.ARM.Collect$$$$00000001)
    _main_scatterload                        0x080000c5   Thumb Code     0  entry5.o(.ARM.Collect$$$$00000004)
    __main_after_scatterload                 0x080000c9   Thumb Code     0  entry5.o(.ARM.Collect$$$$00000004)
    _main_clock                              0x080000c9   Thumb Code     0  entry7b.o(.ARM.Collect$$$$00000008)
    _main_cpp_init                           0x080000c9   Thumb Code     0  entry8b.o(.ARM.Collect$$$$0000000A)
    _main_init                               0x080000c9   Thumb Code     0  entry9a.o(.ARM.Collect$$$$0000000B)
    __rt_final_cpp                           0x080000d1   Thumb Code     0  entry10a.o(.ARM.Collect$$$$0000000D)
    __rt_final_exit                          0x080000d1   Thumb Code     0  entry11a.o(.ARM.Collect$$$$0000000F)
    Reset_Handler                            0x080000d5   Thumb Code     8  startup_stm32l031xx.o(.text)
    DMA1_Channel2_3_IRQHandler               0x080000e7   Thumb Code     0  startup_stm32l031xx.o(.text)
    DMA1_Channel4_5_6_7_IRQHandler           0x080000e7   Thumb Code     0  startup_stm32l031xx.o(.text)
    EXTI2_3_IRQHandler                       0x080000e7   Thumb Code     0  startup_stm32l031xx.o(.text)
    EXTI4_15_IRQHandler                      0x080000e7   Thumb Code     0  startup_stm32l031xx.o(.text)
    FLASH_IRQHandler                         0x080000e7   Thumb Code     0  startup_stm32l031xx.o(.text)
    I2C1_IRQHandler                          0x080000e7   Thumb Code     0  startup_stm32l031xx.o(.text)
    LPUART1_IRQHandler                       0x080000e7   Thumb Code     0  startup_stm32l031xx.o(.text)
    PVD_IRQHandler                           0x080000e7   Thumb Code     0  startup_stm32l031xx.o(.text)
    RCC_IRQHandler                           0x080000e7   Thumb Code     0  startup_stm32l031xx.o(.text)
    RTC_IRQHandler                           0x080000e7   Thumb Code     0  startup_stm32l031xx.o(.text)
    SPI1_IRQHandler                          0x080000e7   Thumb Code     0  startup_stm32l031xx.o(.text)
    TIM21_IRQHandler                         0x080000e7   Thumb Code     0  startup_stm32l031xx.o(.text)
    TIM22_IRQHandler                         0x080000e7   Thumb Code     0  startup_stm32l031xx.o(.text)
    TIM2_IRQHandler                          0x080000e7   Thumb Code     0  startup_stm32l031xx.o(.text)
    USART2_IRQHandler                        0x080000e7   Thumb Code     0  startup_stm32l031xx.o(.text)
    WWDG_IRQHandler                          0x080000e7   Thumb Code     0  startup_stm32l031xx.o(.text)
    __aeabi_uidiv                            0x080000f1   Thumb Code     0  uidiv.o(.text)
    __aeabi_uidivmod                         0x080000f1   Thumb Code    44  uidiv.o(.text)
    __aeabi_idiv                             0x0800011d   Thumb Code     0  idiv.o(.text)
    __aeabi_idivmod                          0x0800011d   Thumb Code    40  idiv.o(.text)
    __aeabi_uldivmod                         0x08000145   Thumb Code    96  uldiv.o(.text)
    __aeabi_memcpy                           0x080001a5   Thumb Code    36  memcpya.o(.text)
    __aeabi_memcpy4                          0x080001a5   Thumb Code     0  memcpya.o(.text)
    __aeabi_memcpy8                          0x080001a5   Thumb Code     0  memcpya.o(.text)
    __aeabi_memset                           0x080001c9   Thumb Code    14  memseta.o(.text)
    __aeabi_memset4                          0x080001c9   Thumb Code     0  memseta.o(.text)
    __aeabi_memset8                          0x080001c9   Thumb Code     0  memseta.o(.text)
    __aeabi_memclr                           0x080001d7   Thumb Code     4  memseta.o(.text)
    __aeabi_memclr4                          0x080001d7   Thumb Code     0  memseta.o(.text)
    __aeabi_memclr8                          0x080001d7   Thumb Code     0  memseta.o(.text)
    _memset$wrapper                          0x080001db   Thumb Code    18  memseta.o(.text)
    __aeabi_fadd                             0x080001ed   Thumb Code   162  fadd.o(.text)
    __aeabi_fsub                             0x0800028f   Thumb Code     8  fadd.o(.text)
    __aeabi_frsub                            0x08000297   Thumb Code     8  fadd.o(.text)
    __aeabi_f2d                              0x0800029f   Thumb Code    40  f2d.o(.text)
    __aeabi_llsl                             0x080002c7   Thumb Code    32  llshl.o(.text)
    _ll_shift_l                              0x080002c7   Thumb Code     0  llshl.o(.text)
    __aeabi_llsr                             0x080002e7   Thumb Code    34  llushr.o(.text)
    _ll_ushift_r                             0x080002e7   Thumb Code     0  llushr.o(.text)
    __I$use$fp                               0x08000309   Thumb Code     0  iusefp.o(.text)
    _float_round                             0x08000309   Thumb Code    16  fepilogue.o(.text)
    _float_epilogue                          0x08000319   Thumb Code   114  fepilogue.o(.text)
    __aeabi_dadd                             0x0800038d   Thumb Code   328  dadd.o(.text)
    __aeabi_dsub                             0x080004d5   Thumb Code    12  dadd.o(.text)
    __aeabi_drsub                            0x080004e1   Thumb Code    12  dadd.o(.text)
    __aeabi_dmul                             0x080004f1   Thumb Code   202  dmul.o(.text)
    __aeabi_ddiv                             0x080005c1   Thumb Code   234  ddiv.o(.text)
    __aeabi_d2ulz                            0x080006b1   Thumb Code    54  dfixul.o(.text)
    __aeabi_cdrcmple                         0x080006f1   Thumb Code    38  cdrcmple.o(.text)
    __scatterload                            0x08000719   Thumb Code    28  init.o(.text)
    __scatterload_rt2                        0x08000719   Thumb Code     0  init.o(.text)
    __aeabi_lasr                             0x0800073d   Thumb Code    38  llsshr.o(.text)
    _ll_sshift_r                             0x0800073d   Thumb Code     0  llsshr.o(.text)
    _double_round                            0x08000763   Thumb Code    26  depilogue.o(.text)
    _double_epilogue                         0x0800077d   Thumb Code   164  depilogue.o(.text)
    ADC1_COMP_IRQHandler                     0x08000821   Thumb Code    10  stm32l0xx_it.o(i.ADC1_COMP_IRQHandler)
    DMA1_Channel1_IRQHandler                 0x08000ce1   Thumb Code    10  stm32l0xx_it.o(i.DMA1_Channel1_IRQHandler)
    EXTI0_1_IRQHandler                       0x08000d1d   Thumb Code    10  stm32l0xx_it.o(i.EXTI0_1_IRQHandler)
    Error_Handler                            0x08000d27   Thumb Code     4  main.o(i.Error_Handler)
    HAL_ADC_ConfigChannel                    0x08000d2d   Thumb Code   140  stm32l0xx_hal_adc.o(i.HAL_ADC_ConfigChannel)
    HAL_ADC_ConvCpltCallback                 0x08000dc1   Thumb Code   218  main.o(i.HAL_ADC_ConvCpltCallback)
    HAL_ADC_ConvHalfCpltCallback             0x08000ebd   Thumb Code     2  stm32l0xx_hal_adc.o(i.HAL_ADC_ConvHalfCpltCallback)
    HAL_ADC_ErrorCallback                    0x08000ebf   Thumb Code     2  stm32l0xx_hal_adc.o(i.HAL_ADC_ErrorCallback)
    HAL_ADC_IRQHandler                       0x08000ec1   Thumb Code   202  stm32l0xx_hal_adc.o(i.HAL_ADC_IRQHandler)
    HAL_ADC_Init                             0x08000f8d   Thumb Code   446  stm32l0xx_hal_adc.o(i.HAL_ADC_Init)
    HAL_ADC_LevelOutOfWindowCallback         0x08001155   Thumb Code     2  stm32l0xx_hal_adc.o(i.HAL_ADC_LevelOutOfWindowCallback)
    HAL_ADC_MspInit                          0x08001159   Thumb Code   134  adc.o(i.HAL_ADC_MspInit)
    HAL_ADC_Start_DMA                        0x080011f1   Thumb Code   136  stm32l0xx_hal_adc.o(i.HAL_ADC_Start_DMA)
    HAL_ADC_Stop_DMA                         0x08001289   Thumb Code   120  stm32l0xx_hal_adc.o(i.HAL_ADC_Stop_DMA)
    HAL_DMA_Abort                            0x08001301   Thumb Code    68  stm32l0xx_hal_dma.o(i.HAL_DMA_Abort)
    HAL_DMA_IRQHandler                       0x08001345   Thumb Code   168  stm32l0xx_hal_dma.o(i.HAL_DMA_IRQHandler)
    HAL_DMA_Init                             0x080013ed   Thumb Code   132  stm32l0xx_hal_dma.o(i.HAL_DMA_Init)
    HAL_DMA_Start_IT                         0x0800147d   Thumb Code   104  stm32l0xx_hal_dma.o(i.HAL_DMA_Start_IT)
    HAL_Delay                                0x080014e5   Thumb Code    32  stm32l0xx_hal.o(i.HAL_Delay)
    HAL_GPIO_EXTI_Callback                   0x08001509   Thumb Code    12  main.o(i.HAL_GPIO_EXTI_Callback)
    HAL_GPIO_EXTI_IRQHandler                 0x08001519   Thumb Code    18  stm32l0xx_hal_gpio.o(i.HAL_GPIO_EXTI_IRQHandler)
    HAL_GPIO_Init                            0x08001531   Thumb Code   392  stm32l0xx_hal_gpio.o(i.HAL_GPIO_Init)
    HAL_GPIO_ReadPin                         0x080016d1   Thumb Code    10  stm32l0xx_hal_gpio.o(i.HAL_GPIO_ReadPin)
    HAL_GPIO_TogglePin                       0x080016db   Thumb Code    16  stm32l0xx_hal_gpio.o(i.HAL_GPIO_TogglePin)
    HAL_GPIO_WritePin                        0x080016eb   Thumb Code    12  stm32l0xx_hal_gpio.o(i.HAL_GPIO_WritePin)
    HAL_GetTick                              0x080016f9   Thumb Code     6  stm32l0xx_hal.o(i.HAL_GetTick)
    HAL_I2CEx_ConfigAnalogFilter             0x08001705   Thumb Code    74  stm32l0xx_hal_i2c_ex.o(i.HAL_I2CEx_ConfigAnalogFilter)
    HAL_I2CEx_ConfigDigitalFilter            0x0800174f   Thumb Code    72  stm32l0xx_hal_i2c_ex.o(i.HAL_I2CEx_ConfigDigitalFilter)
    HAL_I2C_Init                             0x08001799   Thumb Code   182  stm32l0xx_hal_i2c.o(i.HAL_I2C_Init)
    HAL_I2C_Master_Transmit                  0x08001855   Thumb Code   304  stm32l0xx_hal_i2c.o(i.HAL_I2C_Master_Transmit)
    HAL_I2C_MspInit                          0x0800198d   Thumb Code    80  i2c.o(i.HAL_I2C_MspInit)
    HAL_IncTick                              0x080019e9   Thumb Code    12  stm32l0xx_hal.o(i.HAL_IncTick)
    HAL_Init                                 0x080019f9   Thumb Code    36  stm32l0xx_hal.o(i.HAL_Init)
    HAL_InitTick                             0x08001a21   Thumb Code    58  stm32l0xx_hal.o(i.HAL_InitTick)
    HAL_LPTIM_AutoReloadMatchCallback        0x08001a65   Thumb Code     2  stm32l0xx_hal_lptim.o(i.HAL_LPTIM_AutoReloadMatchCallback)
    HAL_LPTIM_AutoReloadWriteCallback        0x08001a67   Thumb Code     2  stm32l0xx_hal_lptim.o(i.HAL_LPTIM_AutoReloadWriteCallback)
    HAL_LPTIM_CompareMatchCallback           0x08001a69   Thumb Code     2  stm32l0xx_hal_lptim.o(i.HAL_LPTIM_CompareMatchCallback)
    HAL_LPTIM_CompareWriteCallback           0x08001a6b   Thumb Code     2  stm32l0xx_hal_lptim.o(i.HAL_LPTIM_CompareWriteCallback)
    HAL_LPTIM_DirectionDownCallback          0x08001a6d   Thumb Code     2  stm32l0xx_hal_lptim.o(i.HAL_LPTIM_DirectionDownCallback)
    HAL_LPTIM_DirectionUpCallback            0x08001a6f   Thumb Code     2  stm32l0xx_hal_lptim.o(i.HAL_LPTIM_DirectionUpCallback)
    HAL_LPTIM_IRQHandler                     0x08001a71   Thumb Code   202  stm32l0xx_hal_lptim.o(i.HAL_LPTIM_IRQHandler)
    HAL_LPTIM_Init                           0x08001b3d   Thumb Code   162  stm32l0xx_hal_lptim.o(i.HAL_LPTIM_Init)
    HAL_LPTIM_MspInit                        0x08001bed   Thumb Code    38  lptim.o(i.HAL_LPTIM_MspInit)
    HAL_LPTIM_TriggerCallback                0x08001c1d   Thumb Code     2  stm32l0xx_hal_lptim.o(i.HAL_LPTIM_TriggerCallback)
    HAL_MspInit                              0x08001c21   Thumb Code    38  stm32l0xx_hal_msp.o(i.HAL_MspInit)
    HAL_NVIC_EnableIRQ                       0x08001c4d   Thumb Code    18  stm32l0xx_hal_cortex.o(i.HAL_NVIC_EnableIRQ)
    HAL_NVIC_SetPriority                     0x08001c65   Thumb Code     8  stm32l0xx_hal_cortex.o(i.HAL_NVIC_SetPriority)
    HAL_PWR_ConfigPVD                        0x08001c6d   Thumb Code    94  stm32l0xx_hal_pwr.o(i.HAL_PWR_ConfigPVD)
    HAL_PWR_EnablePVD                        0x08001cd5   Thumb Code    12  stm32l0xx_hal_pwr.o(i.HAL_PWR_EnablePVD)
    HAL_RCCEx_PeriphCLKConfig                0x08001ce5   Thumb Code   330  stm32l0xx_hal_rcc_ex.o(i.HAL_RCCEx_PeriphCLKConfig)
    HAL_RCC_ClockConfig                      0x08001e3d   Thumb Code   386  stm32l0xx_hal_rcc.o(i.HAL_RCC_ClockConfig)
    HAL_RCC_GetPCLK1Freq                     0x08001fd9   Thumb Code    20  stm32l0xx_hal_rcc.o(i.HAL_RCC_GetPCLK1Freq)
    HAL_RCC_GetPCLK2Freq                     0x08001ff9   Thumb Code    20  stm32l0xx_hal_rcc.o(i.HAL_RCC_GetPCLK2Freq)
    HAL_RCC_GetSysClockFreq                  0x08002019   Thumb Code   100  stm32l0xx_hal_rcc.o(i.HAL_RCC_GetSysClockFreq)
    HAL_RCC_OscConfig                        0x08002091   Thumb Code  1074  stm32l0xx_hal_rcc.o(i.HAL_RCC_OscConfig)
    HAL_RTCEx_SetWakeUpTimer                 0x080024c5   Thumb Code   210  stm32l0xx_hal_rtc_ex.o(i.HAL_RTCEx_SetWakeUpTimer)
    HAL_RTC_Init                             0x0800259d   Thumb Code   166  stm32l0xx_hal_rtc.o(i.HAL_RTC_Init)
    HAL_RTC_MspInit                          0x08002649   Thumb Code    22  rtc.o(i.HAL_RTC_MspInit)
    HAL_RTC_WaitForSynchro                   0x08002669   Thumb Code    48  stm32l0xx_hal_rtc.o(i.HAL_RTC_WaitForSynchro)
    HAL_SYSTICK_Config                       0x0800269d   Thumb Code    38  stm32l0xx_hal_cortex.o(i.HAL_SYSTICK_Config)
    HAL_UART_Init                            0x080026cd   Thumb Code   106  stm32l0xx_hal_uart.o(i.HAL_UART_Init)
    HAL_UART_MspInit                         0x08002739   Thumb Code    84  usart.o(i.HAL_UART_MspInit)
    HAL_UART_Transmit                        0x08002795   Thumb Code   192  stm32l0xx_hal_uart.o(i.HAL_UART_Transmit)
    HardFault_Handler                        0x08002855   Thumb Code     2  stm32l0xx_it.o(i.HardFault_Handler)
    LPTIM1_IRQHandler                        0x08002ad9   Thumb Code    10  stm32l0xx_it.o(i.LPTIM1_IRQHandler)
    MX_ADC_Init                              0x08002ae9   Thumb Code   162  adc.o(i.MX_ADC_Init)
    MX_DMA_Init                              0x08002ba1   Thumb Code    36  dma.o(i.MX_DMA_Init)
    MX_GPIO_Init                             0x08002bc9   Thumb Code   198  gpio.o(i.MX_GPIO_Init)
    MX_I2C1_Init                             0x08002ca5   Thumb Code    78  i2c.o(i.MX_I2C1_Init)
    MX_LPTIM1_Init                           0x08002d01   Thumb Code    38  lptim.o(i.MX_LPTIM1_Init)
    MX_RTC_Init                              0x08002d35   Thumb Code    60  rtc.o(i.MX_RTC_Init)
    MX_USART2_UART_Init                      0x08002d79   Thumb Code    48  usart.o(i.MX_USART2_UART_Init)
    NMI_Handler                              0x08002db1   Thumb Code     2  stm32l0xx_it.o(i.NMI_Handler)
    PendSV_Handler                           0x08002db3   Thumb Code     2  stm32l0xx_it.o(i.PendSV_Handler)
    RTC_EnterInitMode                        0x08002db5   Thumb Code    70  stm32l0xx_hal_rtc.o(i.RTC_EnterInitMode)
    RTC_ExitInitMode                         0x08002dfb   Thumb Code    46  stm32l0xx_hal_rtc.o(i.RTC_ExitInitMode)
    SSD1315_Clear                            0x08002e29   Thumb Code    12  oled.o(i.SSD1315_Clear)
    SSD1315_DrawPoint                        0x08002e39   Thumb Code    44  oled.o(i.SSD1315_DrawPoint)
    SSD1315_Init                             0x08002e69   Thumb Code   228  oled.o(i.SSD1315_Init)
    SSD1315_Refresh_Gram                     0x08002f51   Thumb Code   150  oled.o(i.SSD1315_Refresh_Gram)
    SSD1315_ShowBigText                      0x08002ff1   Thumb Code   218  oled.o(i.SSD1315_ShowBigText)
    SVC_Handler                              0x0800310d   Thumb Code     2  stm32l0xx_it.o(i.SVC_Handler)
    SysTick_Handler                          0x0800310f   Thumb Code     8  stm32l0xx_it.o(i.SysTick_Handler)
    SystemClock_Config                       0x08003119   Thumb Code   150  main.o(i.SystemClock_Config)
    SystemInit                               0x080031b5   Thumb Code     2  system_stm32l0xx.o(i.SystemInit)
    UART_AdvFeatureConfig                    0x080031b7   Thumb Code   202  stm32l0xx_hal_uart.o(i.UART_AdvFeatureConfig)
    UART_CheckIdleState                      0x08003281   Thumb Code   190  stm32l0xx_hal_uart.o(i.UART_CheckIdleState)
    UART_SetConfig                           0x080033a5   Thumb Code   448  stm32l0xx_hal_uart.o(i.UART_SetConfig)
    UART_WaitOnFlagUntilTimeout              0x08003581   Thumb Code   150  stm32l0xx_hal_uart.o(i.UART_WaitOnFlagUntilTimeout)
    __0snprintf                              0x08003619   Thumb Code    46  printfa.o(i.__0snprintf)
    __1snprintf                              0x08003619   Thumb Code     0  printfa.o(i.__0snprintf)
    __2snprintf                              0x08003619   Thumb Code     0  printfa.o(i.__0snprintf)
    __c89snprintf                            0x08003619   Thumb Code     0  printfa.o(i.__0snprintf)
    snprintf                                 0x08003619   Thumb Code     0  printfa.o(i.__0snprintf)
    __0vsnprintf                             0x0800364d   Thumb Code    40  printfa.o(i.__0vsnprintf)
    __1vsnprintf                             0x0800364d   Thumb Code     0  printfa.o(i.__0vsnprintf)
    __2vsnprintf                             0x0800364d   Thumb Code     0  printfa.o(i.__0vsnprintf)
    __c89vsnprintf                           0x0800364d   Thumb Code     0  printfa.o(i.__0vsnprintf)
    vsnprintf                                0x0800364d   Thumb Code     0  printfa.o(i.__0vsnprintf)
    __ARM_clz                                0x08003679   Thumb Code    46  depilogue.o(i.__ARM_clz)
    __ARM_common_switch8                     0x080036a7   Thumb Code    26  stm32l0xx_hal_dma.o(i.__ARM_common_switch8)
    __scatterload_copy                       0x08003705   Thumb Code    14  handlers.o(i.__scatterload_copy)
    __scatterload_null                       0x08003713   Thumb Code     2  handlers.o(i.__scatterload_null)
    __scatterload_zeroinit                   0x08003715   Thumb Code    14  handlers.o(i.__scatterload_zeroinit)
    main                                     0x08003fe9   Thumb Code    96  main.o(i.main)
    AHBPrescTable                            0x08004144   Data          16  system_stm32l0xx.o(.constdata)
    PLLMulTable                              0x08004154   Data           9  system_stm32l0xx.o(.constdata)
    APBPrescTable                            0x0800415d   Data           8  system_stm32l0xx.o(.constdata)
    Region$$Table$$Base                      0x080041d0   Number         0  anon$$obj.o(Region$$Table)
    Region$$Table$$Limit                     0x080041f0   Number         0  anon$$obj.o(Region$$Table)
    uwTickFreq                               0x20000014   Data           1  stm32l0xx_hal.o(.data)
    uwTickPrio                               0x20000018   Data           4  stm32l0xx_hal.o(.data)
    uwTick                                   0x2000001c   Data           4  stm32l0xx_hal.o(.data)
    SystemCoreClock                          0x20000020   Data           4  system_stm32l0xx.o(.data)
    hadc                                     0x2000007c   Data          92  adc.o(.bss)
    hdma_adc                                 0x200000d8   Data          72  adc.o(.bss)
    hi2c1                                    0x20000120   Data          84  i2c.o(.bss)
    hlptim1                                  0x20000174   Data          48  lptim.o(.bss)
    hrtc                                     0x200001a4   Data          36  rtc.o(.bss)
    huart2                                   0x200001c8   Data         136  usart.o(.bss)
    OLED_GRAM                                0x20000250   Data         240  oled.o(.bss)
    __initial_sp                             0x20000b80   Data           0  startup_stm32l031xx.o(STACK)



==============================================================================

Memory Map of the image

  Image Entry point : 0x080000c1

  Load Region LR_IROM1 (Base: 0x08000000, Size: 0x00004214, Max: 0x00008000, ABSOLUTE)

    Execution Region ER_IROM1 (Exec base: 0x08000000, Load base: 0x08000000, Size: 0x000041f0, Max: 0x00008000, ABSOLUTE)

    Exec Addr    Load Addr    Size         Type   Attr      Idx    E Section Name        Object

    0x08000000   0x08000000   0x000000c0   Data   RO            3    RESET               startup_stm32l031xx.o
    0x080000c0   0x080000c0   0x00000000   Code   RO         3673  * .ARM.Collect$$$$00000000  mc_p.l(entry.o)
    0x080000c0   0x080000c0   0x00000004   Code   RO         3953    .ARM.Collect$$$$00000001  mc_p.l(entry2.o)
    0x080000c4   0x080000c4   0x00000004   Code   RO         3956    .ARM.Collect$$$$00000004  mc_p.l(entry5.o)
    0x080000c8   0x080000c8   0x00000000   Code   RO         3958    .ARM.Collect$$$$00000008  mc_p.l(entry7b.o)
    0x080000c8   0x080000c8   0x00000000   Code   RO         3960    .ARM.Collect$$$$0000000A  mc_p.l(entry8b.o)
    0x080000c8   0x080000c8   0x00000008   Code   RO         3961    .ARM.Collect$$$$0000000B  mc_p.l(entry9a.o)
    0x080000d0   0x080000d0   0x00000000   Code   RO         3963    .ARM.Collect$$$$0000000D  mc_p.l(entry10a.o)
    0x080000d0   0x080000d0   0x00000000   Code   RO         3965    .ARM.Collect$$$$0000000F  mc_p.l(entry11a.o)
    0x080000d0   0x080000d0   0x00000004   Code   RO         3954    .ARM.Collect$$$$00002712  mc_p.l(entry2.o)
    0x080000d4   0x080000d4   0x0000001c   Code   RO            4    .text               startup_stm32l031xx.o
    0x080000f0   0x080000f0   0x0000002c   Code   RO         3676    .text               mc_p.l(uidiv.o)
    0x0800011c   0x0800011c   0x00000028   Code   RO         3678    .text               mc_p.l(idiv.o)
    0x08000144   0x08000144   0x00000060   Code   RO         3680    .text               mc_p.l(uldiv.o)
    0x080001a4   0x080001a4   0x00000024   Code   RO         3682    .text               mc_p.l(memcpya.o)
    0x080001c8   0x080001c8   0x00000024   Code   RO         3684    .text               mc_p.l(memseta.o)
    0x080001ec   0x080001ec   0x000000b2   Code   RO         3949    .text               mf_p.l(fadd.o)
    0x0800029e   0x0800029e   0x00000028   Code   RO         3951    .text               mf_p.l(f2d.o)
    0x080002c6   0x080002c6   0x00000020   Code   RO         3970    .text               mc_p.l(llshl.o)
    0x080002e6   0x080002e6   0x00000022   Code   RO         3972    .text               mc_p.l(llushr.o)
    0x08000308   0x08000308   0x00000000   Code   RO         3974    .text               mc_p.l(iusefp.o)
    0x08000308   0x08000308   0x00000082   Code   RO         3975    .text               mf_p.l(fepilogue.o)
    0x0800038a   0x0800038a   0x00000002   PAD
    0x0800038c   0x0800038c   0x00000164   Code   RO         3977    .text               mf_p.l(dadd.o)
    0x080004f0   0x080004f0   0x000000d0   Code   RO         3979    .text               mf_p.l(dmul.o)
    0x080005c0   0x080005c0   0x000000f0   Code   RO         3981    .text               mf_p.l(ddiv.o)
    0x080006b0   0x080006b0   0x00000040   Code   RO         3983    .text               mf_p.l(dfixul.o)
    0x080006f0   0x080006f0   0x00000028   Code   RO         3985    .text               mf_p.l(cdrcmple.o)
    0x08000718   0x08000718   0x00000024   Code   RO         3987    .text               mc_p.l(init.o)
    0x0800073c   0x0800073c   0x00000026   Code   RO         3990    .text               mc_p.l(llsshr.o)
    0x08000762   0x08000762   0x000000be   Code   RO         3993    .text               mf_p.l(depilogue.o)
    0x08000820   0x08000820   0x00000010   Code   RO          466    i.ADC1_COMP_IRQHandler  stm32l0xx_it.o
    0x08000830   0x08000830   0x0000005a   Code   RO          648    i.ADC_ConversionStop  stm32l0xx_hal_adc.o
    0x0800088a   0x0800088a   0x0000006e   Code   RO          649    i.ADC_DMAConvCplt   stm32l0xx_hal_adc.o
    0x080008f8   0x080008f8   0x0000001a   Code   RO          650    i.ADC_DMAError      stm32l0xx_hal_adc.o
    0x08000912   0x08000912   0x0000000a   Code   RO          651    i.ADC_DMAHalfConvCplt  stm32l0xx_hal_adc.o
    0x0800091c   0x0800091c   0x00000024   Code   RO          652    i.ADC_DelayMicroSecond  stm32l0xx_hal_adc.o
    0x08000940   0x08000940   0x00000068   Code   RO          653    i.ADC_Disable       stm32l0xx_hal_adc.o
    0x080009a8   0x080009a8   0x00000070   Code   RO          654    i.ADC_Enable        stm32l0xx_hal_adc.o
    0x08000a18   0x08000a18   0x00000058   Code   RO           12    i.App_HandleButton  main.o
    0x08000a70   0x08000a70   0x00000068   Code   RO           13    i.App_HandleLed     main.o
    0x08000ad8   0x08000ad8   0x0000005c   Code   RO           14    i.App_Log           main.o
    0x08000b34   0x08000b34   0x000000d4   Code   RO           15    i.App_Run           main.o
    0x08000c08   0x08000c08   0x00000030   Code   RO           16    i.App_SampleAdc     main.o
    0x08000c38   0x08000c38   0x000000a8   Code   RO           17    i.App_UpdateDisplay  main.o
    0x08000ce0   0x08000ce0   0x00000010   Code   RO          467    i.DMA1_Channel1_IRQHandler  stm32l0xx_it.o
    0x08000cf0   0x08000cf0   0x0000002c   Code   RO         2082    i.DMA_SetConfig     stm32l0xx_hal_dma.o
    0x08000d1c   0x08000d1c   0x0000000a   Code   RO          468    i.EXTI0_1_IRQHandler  stm32l0xx_it.o
    0x08000d26   0x08000d26   0x00000004   Code   RO           18    i.Error_Handler     main.o
    0x08000d2a   0x08000d2a   0x00000002   PAD
    0x08000d2c   0x08000d2c   0x00000094   Code   RO          656    i.HAL_ADC_ConfigChannel  stm32l0xx_hal_adc.o
    0x08000dc0   0x08000dc0   0x000000fc   Code   RO           19    i.HAL_ADC_ConvCpltCallback  main.o
    0x08000ebc   0x08000ebc   0x00000002   Code   RO          658    i.HAL_ADC_ConvHalfCpltCallback  stm32l0xx_hal_adc.o
    0x08000ebe   0x08000ebe   0x00000002   Code   RO          660    i.HAL_ADC_ErrorCallback  stm32l0xx_hal_adc.o
    0x08000ec0   0x08000ec0   0x000000ca   Code   RO          664    i.HAL_ADC_IRQHandler  stm32l0xx_hal_adc.o
    0x08000f8a   0x08000f8a   0x00000002   PAD
    0x08000f8c   0x08000f8c   0x000001c8   Code   RO          665    i.HAL_ADC_Init      stm32l0xx_hal_adc.o
    0x08001154   0x08001154   0x00000002   Code   RO          666    i.HAL_ADC_LevelOutOfWindowCallback  stm32l0xx_hal_adc.o
    0x08001156   0x08001156   0x00000002   PAD
    0x08001158   0x08001158   0x00000098   Code   RO          257    i.HAL_ADC_MspInit   adc.o
    0x080011f0   0x080011f0   0x00000098   Code   RO          672    i.HAL_ADC_Start_DMA  stm32l0xx_hal_adc.o
    0x08001288   0x08001288   0x00000078   Code   RO          675    i.HAL_ADC_Stop_DMA  stm32l0xx_hal_adc.o
    0x08001300   0x08001300   0x00000044   Code   RO         2083    i.HAL_DMA_Abort     stm32l0xx_hal_dma.o
    0x08001344   0x08001344   0x000000a8   Code   RO         2088    i.HAL_DMA_IRQHandler  stm32l0xx_hal_dma.o
    0x080013ec   0x080013ec   0x00000090   Code   RO         2089    i.HAL_DMA_Init      stm32l0xx_hal_dma.o
    0x0800147c   0x0800147c   0x00000068   Code   RO         2093    i.HAL_DMA_Start_IT  stm32l0xx_hal_dma.o
    0x080014e4   0x080014e4   0x00000024   Code   RO          894    i.HAL_Delay         stm32l0xx_hal.o
    0x08001508   0x08001508   0x00000010   Code   RO           20    i.HAL_GPIO_EXTI_Callback  main.o
    0x08001518   0x08001518   0x00000018   Code   RO         2022    i.HAL_GPIO_EXTI_IRQHandler  stm32l0xx_hal_gpio.o
    0x08001530   0x08001530   0x000001a0   Code   RO         2023    i.HAL_GPIO_Init     stm32l0xx_hal_gpio.o
    0x080016d0   0x080016d0   0x0000000a   Code   RO         2025    i.HAL_GPIO_ReadPin  stm32l0xx_hal_gpio.o
    0x080016da   0x080016da   0x00000010   Code   RO         2026    i.HAL_GPIO_TogglePin  stm32l0xx_hal_gpio.o
    0x080016ea   0x080016ea   0x0000000c   Code   RO         2027    i.HAL_GPIO_WritePin  stm32l0xx_hal_gpio.o
    0x080016f6   0x080016f6   0x00000002   PAD
    0x080016f8   0x080016f8   0x0000000c   Code   RO          898    i.HAL_GetTick       stm32l0xx_hal.o
    0x08001704   0x08001704   0x0000004a   Code   RO         1559    i.HAL_I2CEx_ConfigAnalogFilter  stm32l0xx_hal_i2c_ex.o
    0x0800174e   0x0800174e   0x00000048   Code   RO         1560    i.HAL_I2CEx_ConfigDigitalFilter  stm32l0xx_hal_i2c_ex.o
    0x08001796   0x08001796   0x00000002   PAD
    0x08001798   0x08001798   0x000000bc   Code   RO         1102    i.HAL_I2C_Init      stm32l0xx_hal_i2c.o
    0x08001854   0x08001854   0x00000138   Code   RO         1115    i.HAL_I2C_Master_Transmit  stm32l0xx_hal_i2c.o
    0x0800198c   0x0800198c   0x0000005c   Code   RO          315    i.HAL_I2C_MspInit   i2c.o
    0x080019e8   0x080019e8   0x00000010   Code   RO          904    i.HAL_IncTick       stm32l0xx_hal.o
    0x080019f8   0x080019f8   0x00000028   Code   RO          905    i.HAL_Init          stm32l0xx_hal.o
    0x08001a20   0x08001a20   0x00000044   Code   RO          906    i.HAL_InitTick      stm32l0xx_hal.o
    0x08001a64   0x08001a64   0x00000002   Code   RO         2509    i.HAL_LPTIM_AutoReloadMatchCallback  stm32l0xx_hal_lptim.o
    0x08001a66   0x08001a66   0x00000002   Code   RO         2510    i.HAL_LPTIM_AutoReloadWriteCallback  stm32l0xx_hal_lptim.o
    0x08001a68   0x08001a68   0x00000002   Code   RO         2511    i.HAL_LPTIM_CompareMatchCallback  stm32l0xx_hal_lptim.o
    0x08001a6a   0x08001a6a   0x00000002   Code   RO         2512    i.HAL_LPTIM_CompareWriteCallback  stm32l0xx_hal_lptim.o
    0x08001a6c   0x08001a6c   0x00000002   Code   RO         2518    i.HAL_LPTIM_DirectionDownCallback  stm32l0xx_hal_lptim.o
    0x08001a6e   0x08001a6e   0x00000002   Code   RO         2519    i.HAL_LPTIM_DirectionUpCallback  stm32l0xx_hal_lptim.o
    0x08001a70   0x08001a70   0x000000ca   Code   RO         2525    i.HAL_LPTIM_IRQHandler  stm32l0xx_hal_lptim.o
    0x08001b3a   0x08001b3a   0x00000002   PAD
    0x08001b3c   0x08001b3c   0x000000b0   Code   RO         2526    i.HAL_LPTIM_Init    stm32l0xx_hal_lptim.o
    0x08001bec   0x08001bec   0x00000030   Code   RO          353    i.HAL_LPTIM_MspInit  lptim.o
    0x08001c1c   0x08001c1c   0x00000002   Code   RO         2548    i.HAL_LPTIM_TriggerCallback  stm32l0xx_hal_lptim.o
    0x08001c1e   0x08001c1e   0x00000002   PAD
    0x08001c20   0x08001c20   0x0000002c   Code   RO          538    i.HAL_MspInit       stm32l0xx_hal_msp.o
    0x08001c4c   0x08001c4c   0x00000018   Code   RO         2349    i.HAL_NVIC_EnableIRQ  stm32l0xx_hal_cortex.o
    0x08001c64   0x08001c64   0x00000008   Code   RO         2353    i.HAL_NVIC_SetPriority  stm32l0xx_hal_cortex.o
    0x08001c6c   0x08001c6c   0x00000068   Code   RO         2175    i.HAL_PWR_ConfigPVD  stm32l0xx_hal_pwr.o
    0x08001cd4   0x08001cd4   0x00000010   Code   RO         2183    i.HAL_PWR_EnablePVD  stm32l0xx_hal_pwr.o
    0x08001ce4   0x08001ce4   0x00000158   Code   RO         1708    i.HAL_RCCEx_PeriphCLKConfig  stm32l0xx_hal_rcc_ex.o
    0x08001e3c   0x08001e3c   0x0000019c   Code   RO         1610    i.HAL_RCC_ClockConfig  stm32l0xx_hal_rcc.o
    0x08001fd8   0x08001fd8   0x00000020   Code   RO         1616    i.HAL_RCC_GetPCLK1Freq  stm32l0xx_hal_rcc.o
    0x08001ff8   0x08001ff8   0x00000020   Code   RO         1617    i.HAL_RCC_GetPCLK2Freq  stm32l0xx_hal_rcc.o
    0x08002018   0x08002018   0x00000078   Code   RO         1618    i.HAL_RCC_GetSysClockFreq  stm32l0xx_hal_rcc.o
    0x08002090   0x08002090   0x00000432   Code   RO         1621    i.HAL_RCC_OscConfig  stm32l0xx_hal_rcc.o
    0x080024c2   0x080024c2   0x00000002   PAD
    0x080024c4   0x080024c4   0x000000d8   Code   RO         2969    i.HAL_RTCEx_SetWakeUpTimer  stm32l0xx_hal_rtc_ex.o
    0x0800259c   0x0800259c   0x000000ac   Code   RO         2787    i.HAL_RTC_Init      stm32l0xx_hal_rtc.o
    0x08002648   0x08002648   0x00000020   Code   RO          391    i.HAL_RTC_MspInit   rtc.o
    0x08002668   0x08002668   0x00000034   Code   RO         2795    i.HAL_RTC_WaitForSynchro  stm32l0xx_hal_rtc.o
    0x0800269c   0x0800269c   0x00000030   Code   RO         2357    i.HAL_SYSTICK_Config  stm32l0xx_hal_cortex.o
    0x080026cc   0x080026cc   0x0000006a   Code   RO         3196    i.HAL_UART_Init     stm32l0xx_hal_uart.o
    0x08002736   0x08002736   0x00000002   PAD
    0x08002738   0x08002738   0x0000005c   Code   RO          429    i.HAL_UART_MspInit  usart.o
    0x08002794   0x08002794   0x000000c0   Code   RO         3205    i.HAL_UART_Transmit  stm32l0xx_hal_uart.o
    0x08002854   0x08002854   0x00000002   Code   RO          469    i.HardFault_Handler  stm32l0xx_it.o
    0x08002856   0x08002856   0x00000022   Code   RO         1149    i.I2C_Flush_TXDR    stm32l0xx_hal_i2c.o
    0x08002878   0x08002878   0x00000110   Code   RO         1157    i.I2C_IsErrorOccurred  stm32l0xx_hal_i2c.o
    0x08002988   0x08002988   0x0000002c   Code   RO         1166    i.I2C_TransferConfig  stm32l0xx_hal_i2c.o
    0x080029b4   0x080029b4   0x00000072   Code   RO         1168    i.I2C_WaitOnFlagUntilTimeout  stm32l0xx_hal_i2c.o
    0x08002a26   0x08002a26   0x00000056   Code   RO         1170    i.I2C_WaitOnSTOPFlagUntilTimeout  stm32l0xx_hal_i2c.o
    0x08002a7c   0x08002a7c   0x0000005a   Code   RO         1171    i.I2C_WaitOnTXISFlagUntilTimeout  stm32l0xx_hal_i2c.o
    0x08002ad6   0x08002ad6   0x00000002   PAD
    0x08002ad8   0x08002ad8   0x00000010   Code   RO          470    i.LPTIM1_IRQHandler  stm32l0xx_it.o
    0x08002ae8   0x08002ae8   0x000000b8   Code   RO          258    i.MX_ADC_Init       adc.o
    0x08002ba0   0x08002ba0   0x00000028   Code   RO          294    i.MX_DMA_Init       dma.o
    0x08002bc8   0x08002bc8   0x000000dc   Code   RO          236    i.MX_GPIO_Init      gpio.o
    0x08002ca4   0x08002ca4   0x0000005c   Code   RO          316    i.MX_I2C1_Init      i2c.o
    0x08002d00   0x08002d00   0x00000034   Code   RO          354    i.MX_LPTIM1_Init    lptim.o
    0x08002d34   0x08002d34   0x00000044   Code   RO          392    i.MX_RTC_Init       rtc.o
    0x08002d78   0x08002d78   0x00000038   Code   RO          430    i.MX_USART2_UART_Init  usart.o
    0x08002db0   0x08002db0   0x00000002   Code   RO          471    i.NMI_Handler       stm32l0xx_it.o
    0x08002db2   0x08002db2   0x00000002   Code   RO          472    i.PendSV_Handler    stm32l0xx_it.o
    0x08002db4   0x08002db4   0x00000046   Code   RO         2798    i.RTC_EnterInitMode  stm32l0xx_hal_rtc.o
    0x08002dfa   0x08002dfa   0x0000002e   Code   RO         2799    i.RTC_ExitInitMode  stm32l0xx_hal_rtc.o
    0x08002e28   0x08002e28   0x00000010   Code   RO          558    i.SSD1315_Clear     oled.o
    0x08002e38   0x08002e38   0x00000030   Code   RO          560    i.SSD1315_DrawPoint  oled.o
    0x08002e68   0x08002e68   0x000000e8   Code   RO          565    i.SSD1315_Init      oled.o
    0x08002f50   0x08002f50   0x000000a0   Code   RO          566    i.SSD1315_Refresh_Gram  oled.o
    0x08002ff0   0x08002ff0   0x000000e0   Code   RO          567    i.SSD1315_ShowBigText  oled.o
    0x080030d0   0x080030d0   0x0000003c   Code   RO          568    i.SSD1315_WriteCmd  oled.o
    0x0800310c   0x0800310c   0x00000002   Code   RO          473    i.SVC_Handler       stm32l0xx_it.o
    0x0800310e   0x0800310e   0x00000008   Code   RO          474    i.SysTick_Handler   stm32l0xx_it.o
    0x08003116   0x08003116   0x00000002   PAD
    0x08003118   0x08003118   0x0000009c   Code   RO           21    i.SystemClock_Config  main.o
    0x080031b4   0x080031b4   0x00000002   Code   RO         3642    i.SystemInit        system_stm32l0xx.o
    0x080031b6   0x080031b6   0x000000ca   Code   RO         3210    i.UART_AdvFeatureConfig  stm32l0xx_hal_uart.o
    0x08003280   0x08003280   0x000000c4   Code   RO         3211    i.UART_CheckIdleState  stm32l0xx_hal_uart.o
    0x08003344   0x08003344   0x00000060   Code   RO         3222    i.UART_EndRxTransfer  stm32l0xx_hal_uart.o
    0x080033a4   0x080033a4   0x000001dc   Code   RO         3226    i.UART_SetConfig    stm32l0xx_hal_uart.o
    0x08003580   0x08003580   0x00000096   Code   RO         3231    i.UART_WaitOnFlagUntilTimeout  stm32l0xx_hal_uart.o
    0x08003616   0x08003616   0x00000002   PAD
    0x08003618   0x08003618   0x00000034   Code   RO         3922    i.__0snprintf       mc_p.l(printfa.o)
    0x0800364c   0x0800364c   0x0000002c   Code   RO         3926    i.__0vsnprintf      mc_p.l(printfa.o)
    0x08003678   0x08003678   0x0000002e   Code   RO         3995    i.__ARM_clz         mf_p.l(depilogue.o)
    0x080036a6   0x080036a6   0x0000001a   Code   RO         2168    i.__ARM_common_switch8  stm32l0xx_hal_dma.o
    0x080036c0   0x080036c0   0x00000044   Code   RO         2359    i.__NVIC_SetPriority  stm32l0xx_hal_cortex.o
    0x08003704   0x08003704   0x0000000e   Code   RO         3999    i.__scatterload_copy  mc_p.l(handlers.o)
    0x08003712   0x08003712   0x00000002   Code   RO         4000    i.__scatterload_null  mc_p.l(handlers.o)
    0x08003714   0x08003714   0x0000000e   Code   RO         4001    i.__scatterload_zeroinit  mc_p.l(handlers.o)
    0x08003722   0x08003722   0x00000002   PAD
    0x08003724   0x08003724   0x00000174   Code   RO         3928    i._fp_digits        mc_p.l(printfa.o)
    0x08003898   0x08003898   0x000006ec   Code   RO         3929    i._printf_core      mc_p.l(printfa.o)
    0x08003f84   0x08003f84   0x00000020   Code   RO         3930    i._printf_post_padding  mc_p.l(printfa.o)
    0x08003fa4   0x08003fa4   0x0000002c   Code   RO         3931    i._printf_pre_padding  mc_p.l(printfa.o)
    0x08003fd0   0x08003fd0   0x00000016   Code   RO         3932    i._snputc           mc_p.l(printfa.o)
    0x08003fe6   0x08003fe6   0x00000002   PAD
    0x08003fe8   0x08003fe8   0x0000007c   Code   RO           22    i.main              main.o
    0x08004064   0x08004064   0x000000e0   Data   RO          570    .constdata          oled.o
    0x08004144   0x08004144   0x00000019   Data   RO         3643    .constdata          system_stm32l0xx.o
    0x0800415d   0x0800415d   0x00000008   Data   RO         3644    .constdata          system_stm32l0xx.o
    0x08004165   0x08004165   0x00000003   PAD
    0x08004168   0x08004168   0x00000066   Data   RO           24    .conststring        main.o
    0x080041ce   0x080041ce   0x00000002   PAD
    0x080041d0   0x080041d0   0x00000020   Data   RO         3997    Region$$Table       anon$$obj.o


    Execution Region RW_IRAM1 (Exec base: 0x20000000, Load base: 0x080041f0, Size: 0x00000b80, Max: 0x00002000, ABSOLUTE)

    Exec Addr    Load Addr    Size         Type   Attr      Idx    E Section Name        Object

    0x20000000   0x080041f0   0x00000014   Data   RW           25    .data               main.o
    0x20000014   0x08004204   0x0000000c   Data   RW          916    .data               stm32l0xx_hal.o
    0x20000020   0x08004210   0x00000004   Data   RW         3645    .data               system_stm32l0xx.o
    0x20000024        -       0x00000058   Zero   RW           23    .bss                main.o
    0x2000007c        -       0x000000a4   Zero   RW          259    .bss                adc.o
    0x20000120        -       0x00000054   Zero   RW          317    .bss                i2c.o
    0x20000174        -       0x00000030   Zero   RW          355    .bss                lptim.o
    0x200001a4        -       0x00000024   Zero   RW          393    .bss                rtc.o
    0x200001c8        -       0x00000088   Zero   RW          431    .bss                usart.o
    0x20000250        -       0x0000012d   Zero   RW          569    .bss                oled.o
    0x2000037d   0x08004214   0x00000003   PAD
    0x20000380        -       0x00000800   Zero   RW            1    STACK               startup_stm32l031xx.o


==============================================================================

Image component sizes


      Code (inc. data)   RO Data    RW Data    ZI Data      Debug   Object Name

       336         40          0          0        164       1732   adc.o
        40          4          0          0          0        722   dma.o
       220         22          0          0          0        935   gpio.o
       184         26          0          0         84       1573   i2c.o
       100         24          0          0         48       1431   lptim.o
      1264        330        102         20         88     348336   main.o
       740         34        224          0        301       6404   oled.o
       100         18          0          0         36       1383   rtc.o
        28          8        192          0       2048        624   startup_stm32l031xx.o
       172         28          0         12          0       8177   stm32l0xx_hal.o
      1572         48          0          0          0      10761   stm32l0xx_hal_adc.o
       148         24          0          0          0      10449   stm32l0xx_hal_cortex.o
       554         12          0          0          0       4303   stm32l0xx_hal_dma.o
         0          0          0          0          0       2456   stm32l0xx_hal_flash.o
       478         30          0          0          0       3847   stm32l0xx_hal_gpio.o
      1140         26          0          0          0       9201   stm32l0xx_hal_i2c.o
       146          0          0          0          0       1875   stm32l0xx_hal_i2c_ex.o
       392         14          0          0          0       5721   stm32l0xx_hal_lptim.o
        44          6          0          0          0        486   stm32l0xx_hal_msp.o
       120         14          0          0          0       1576   stm32l0xx_hal_pwr.o
      1670         98          0          0          0       5572   stm32l0xx_hal_rcc.o
       344         14          0          0          0       1404   stm32l0xx_hal_rcc_ex.o
       340         10          0          0          0       3459   stm32l0xx_hal_rtc.o
       216          6          0          0          0       1503   stm32l0xx_hal_rtc_ex.o
      1418         58          0          0          0       8101   stm32l0xx_hal_uart.o
        74         18          0          0          0       3918   stm32l0xx_it.o
         2          0         33          4          0       1147   system_stm32l0xx.o
       148         16          0          0        136       1586   usart.o

    ----------------------------------------------------------------------
     12014        928        588         36       2908     448682   Object Totals
         0          0         32          0          0          0   (incl. Generated)
        24          0          5          0          3          0   (incl. Padding)

    ----------------------------------------------------------------------

      Code (inc. data)   RO Data    RW Data    ZI Data      Debug   Library Member Name

         0          0          0          0          0          0   entry.o
         0          0          0          0          0          0   entry10a.o
         0          0          0          0          0          0   entry11a.o
         8          4          0          0          0          0   entry2.o
         4          0          0          0          0          0   entry5.o
         0          0          0          0          0          0   entry7b.o
         0          0          0          0          0          0   entry8b.o
         8          4          0          0          0          0   entry9a.o
        30          0          0          0          0          0   handlers.o
        40          0          0          0          0         72   idiv.o
        36          8          0          0          0         68   init.o
         0          0          0          0          0          0   iusefp.o
        32          0          0          0          0         68   llshl.o
        38          0          0          0          0         68   llsshr.o
        34          0          0          0          0         68   llushr.o
        36          0          0          0          0         60   memcpya.o
        36          0          0          0          0        100   memseta.o
      2338        100          0          0          0        544   printfa.o
        44          0          0          0          0         72   uidiv.o
        96          0          0          0          0         84   uldiv.o
        40          2          0          0          0         68   cdrcmple.o
       356          4          0          0          0        140   dadd.o
       240          6          0          0          0         84   ddiv.o
       236          0          0          0          0        216   depilogue.o
        64         10          0          0          0         68   dfixul.o
       208          6          0          0          0         88   dmul.o
        40          0          0          0          0         60   f2d.o
       178          0          0          0          0        108   fadd.o
       130          0          0          0          0        144   fepilogue.o

    ----------------------------------------------------------------------
      4278        144          0          0          0       2180   Library Totals
         6          0          0          0          0          0   (incl. Padding)

    ----------------------------------------------------------------------

      Code (inc. data)   RO Data    RW Data    ZI Data      Debug   Library Name

      2780        116          0          0          0       1204   mc_p.l
      1492         28          0          0          0        976   mf_p.l

    ----------------------------------------------------------------------
      4278        144          0          0          0       2180   Library Totals

    ----------------------------------------------------------------------

==============================================================================


      Code (inc. data)   RO Data    RW Data    ZI Data      Debug   

     16292       1072        588         36       2908     445022   Grand Totals
     16292       1072        588         36       2908     445022   ELF Image Totals
     16292       1072        588         36          0          0   ROM Totals

==============================================================================

    Total RO  Size (Code + RO Data)                16880 (  16.48kB)
    Total RW  Size (RW Data + ZI Data)              2944 (   2.88kB)
    Total ROM Size (Code + RO Data + RW Data)      16916 (  16.52kB)

==============================================================================

